Archive member included to satisfy reference by file (symbol)

C:\Users\John\AppData\Local\Temp\VMBuilds\Sketch1\Seeeduino_rolawan\Debug/core.a(cortex_handlers.c.o)
                              (Reset_Handler)
C:\Users\John\AppData\Local\Temp\VMBuilds\Sketch1\Seeeduino_rolawan\Debug/core.a(delay.c.o)
                              lib\GPS\GPS.cpp.o (millis)
C:\Users\John\AppData\Local\Temp\VMBuilds\Sketch1\Seeeduino_rolawan\Debug/core.a(hooks.c.o)
                              C:\Users\John\AppData\Local\Temp\VMBuilds\Sketch1\Seeeduino_rolawan\Debug/core.a(delay.c.o) (yield)
C:\Users\John\AppData\Local\Temp\VMBuilds\Sketch1\Seeeduino_rolawan\Debug/core.a(startup.c.o)
                              C:\Users\John\AppData\Local\Temp\VMBuilds\Sketch1\Seeeduino_rolawan\Debug/core.a(cortex_handlers.c.o) (SystemInit)
C:\Users\John\AppData\Local\Temp\VMBuilds\Sketch1\Seeeduino_rolawan\Debug/core.a(wiring.c.o)
                              C:\Users\John\AppData\Local\Temp\VMBuilds\Sketch1\Seeeduino_rolawan\Debug/core.a(startup.c.o) (SystemCoreClock)
C:\Users\John\AppData\Local\Temp\VMBuilds\Sketch1\Seeeduino_rolawan\Debug/core.a(wiring_analog.c.o)
                              lib\Sound\Sound.cpp.o (analogReadResolution)
C:\Users\John\AppData\Local\Temp\VMBuilds\Sketch1\Seeeduino_rolawan\Debug/core.a(wiring_digital.c.o)
                              lib\EnergySave\EnergySave.cpp.o (pinMode)
C:\Users\John\AppData\Local\Temp\VMBuilds\Sketch1\Seeeduino_rolawan\Debug/core.a(wiring_private.c.o)
                              C:\Users\John\AppData\Local\Temp\VMBuilds\Sketch1\Seeeduino_rolawan\Debug/core.a(wiring_analog.c.o) (mapResolution)
C:\Users\John\AppData\Local\Temp\VMBuilds\Sketch1\Seeeduino_rolawan\Debug/core.a(main.cpp.o)
                              c:/users/john/appdata/local/arduino15/packages/seeeduino/tools/arm-none-eabi-gcc/7-2017q4/bin/../lib/gcc/arm-none-eabi/7.2.1/../../../../arm-none-eabi/lib/thumb/v6-m/crt0.o (main)
C:\Users\John\AppData\Local\Temp\VMBuilds\Sketch1\Seeeduino_rolawan\Debug/core.a(Print.cpp.o)
                              Sketch1.cpp.o (Print::print(char const*))
C:\Users\John\AppData\Local\Temp\VMBuilds\Sketch1\Seeeduino_rolawan\Debug/core.a(Reset.cpp.o)
                              C:\Users\John\AppData\Local\Temp\VMBuilds\Sketch1\Seeeduino_rolawan\Debug/core.a(delay.c.o) (tickReset)
C:\Users\John\AppData\Local\Temp\VMBuilds\Sketch1\Seeeduino_rolawan\Debug/core.a(Retarget.cpp.o)
                              (__wrap__write)
C:\Users\John\AppData\Local\Temp\VMBuilds\Sketch1\Seeeduino_rolawan\Debug/core.a(SERCOM.cpp.o)
                              C:\Users\John\AppData\Local\Temp\VMBCore\arduino16x\3a5f1cd4aab521e53edf5a36a48e84cf\variant\variant.cpp.o (SERCOM::SERCOM(Sercom*))
C:\Users\John\AppData\Local\Temp\VMBuilds\Sketch1\Seeeduino_rolawan\Debug/core.a(Uart.cpp.o)
                              LoRaWan\LoRaWan.cpp.o (Uart::begin(unsigned long))
C:\Users\John\AppData\Local\Temp\VMBuilds\Sketch1\Seeeduino_rolawan\Debug/core.a(WMath.cpp.o)
                              lib\Sound\Sound.cpp.o (map(long, long, long, long, long))
C:\Users\John\AppData\Local\Temp\VMBuilds\Sketch1\Seeeduino_rolawan\Debug/core.a(CDC.cpp.o)
                              LoRaWan\LoRaWan.cpp.o (Serial_::write(unsigned char))
C:\Users\John\AppData\Local\Temp\VMBuilds\Sketch1\Seeeduino_rolawan\Debug/core.a(USBCore.cpp.o)
                              C:\Users\John\AppData\Local\Temp\VMBuilds\Sketch1\Seeeduino_rolawan\Debug/core.a(main.cpp.o) (USBDeviceClass::init())
C:\Users\John\AppData\Local\Temp\VMBuilds\Sketch1\Seeeduino_rolawan\Debug/core.a(abi.cpp.o)
                              C:\Users\John\AppData\Local\Temp\VMBuilds\Sketch1\Seeeduino_rolawan\Debug/core.a(Print.cpp.o) (__cxa_pure_virtual)
C:\Users\John\AppData\Local\Temp\VMBuilds\Sketch1\Seeeduino_rolawan\Debug/core.a(new.cpp.o)
                              C:\Users\John\AppData\Local\Temp\VMBuilds\Sketch1\Seeeduino_rolawan\Debug/core.a(USBCore.cpp.o) (operator new(unsigned int))
C:\Users\John\AppData\Local\Temp\VMBuilds\Sketch1\Seeeduino_rolawan\Debug/core.a(PluggableUSB.cpp.o)
                              C:\Users\John\AppData\Local\Temp\VMBuilds\Sketch1\Seeeduino_rolawan\Debug/core.a(USBCore.cpp.o) (PluggableUSB_::getInterface(unsigned char*))
C:\Users\John\AppData\Local\Temp\VMBuilds\Sketch1\Seeeduino_rolawan\Debug/core.a(SAMD21_USBDevice.cpp.o)
                              C:\Users\John\AppData\Local\Temp\VMBuilds\Sketch1\Seeeduino_rolawan\Debug/core.a(USBCore.cpp.o) (USBDevice_SAMD21G18x::reset())
c:/users/john/appdata/local/arduino15/packages/seeeduino/tools/arm-none-eabi-gcc/7-2017q4/bin/../lib/gcc/arm-none-eabi/7.2.1/../../../../arm-none-eabi/lib/thumb/v6-m\libstdc++_nano.a(atexit_arm.o)
                              Sketch1.cpp.o (__aeabi_atexit)
c:/users/john/appdata/local/arduino15/packages/seeeduino/tools/arm-none-eabi-gcc/7-2017q4/bin/../lib/gcc/arm-none-eabi/7.2.1/../../../../arm-none-eabi/lib/thumb/v6-m\libstdc++_nano.a(del_ops.o)
[...]
Memory Configuration

Name             Origin             Length             Attributes
FLASH            0x00002000         0x0003e000         xr
RAM              0x20000000         0x00008000         xrw
*default*        0x00000000         0xffffffff

Linker script and memory map

LOAD c:/users/john/appdata/local/arduino15/packages/seeeduino/tools/arm-none-eabi-gcc/7-2017q4/bin/../lib/gcc/arm-none-eabi/7.2.1/thumb/v6-m/crti.o
LOAD c:/users/john/appdata/local/arduino15/packages/seeeduino/tools/arm-none-eabi-gcc/7-2017q4/bin/../lib/gcc/arm-none-eabi/7.2.1/thumb/v6-m/crtbegin.o
LOAD c:/users/john/appdata/local/arduino15/packages/seeeduino/tools/arm-none-eabi-gcc/7-2017q4/bin/../lib/gcc/arm-none-eabi/7.2.1/../../../../arm-none-eabi/lib/thumb/v6-m/crt0.o
LOAD Sketch1.cpp.o
LOAD lib\Config\Config.cpp.o
LOAD lib\DS18B20\src\DS18B20.cpp.o
LOAD lib\Encoder\Encoder.cpp.o
LOAD lib\EnergySave\EnergySave.cpp.o
LOAD lib\FFT\src\arduinoFFT.cpp.o
LOAD lib\FixFTT\src\fix_fft.cpp.o
LOAD lib\GPS\GPS.cpp.o
LOAD lib\Network\Network.cpp.o
LOAD lib\OneWire\OneWire.cpp.o
LOAD lib\RTCZero\RTCZero.cpp.o
LOAD lib\Sensors\Sensors.cpp.o
LOAD lib\Sound\Sound.cpp.o
LOAD lib\TinyGPS\TinyGPS.cpp.o
LOAD FlashStorage\FlashStorage.cpp.o
LOAD LoRaWan\LoRaWan.cpp.o
LOAD C:\Users\John\AppData\Local\Temp\VMBCore\arduino16x\3a5f1cd4aab521e53edf5a36a48e84cf\variant\variant.cpp.o
START GROUP
LOAD C:\Users\John\AppData\Local\arduino15\packages\Seeeduino\tools\CMSIS\5.4.0/CMSIS/Lib/GCC/\libarm_cortexM0l_math.a
LOAD C:\Users\John\AppData\Local\Temp\VMBuilds\Sketch1\Seeeduino_rolawan\Debug/core.a
END GROUP
LOAD c:/users/john/appdata/local/arduino15/packages/seeeduino/tools/arm-none-eabi-gcc/7-2017q4/bin/../lib/gcc/arm-none-eabi/7.2.1/../../../../arm-none-eabi/lib/thumb/v6-m\libstdc++_nano.a
LOAD c:/users/john/appdata/local/arduino15/packages/seeeduino/tools/arm-none-eabi-gcc/7-2017q4/bin/../lib/gcc/arm-none-eabi/7.2.1/../../../../arm-none-eabi/lib/thumb/v6-m\libm.a
START GROUP
LOAD c:/users/john/appdata/local/arduino15/packages/seeeduino/tools/arm-none-eabi-gcc/7-2017q4/bin/../lib/gcc/arm-none-eabi/7.2.1/thumb/v6-m\libgcc.a
LOAD c:/users/john/appdata/local/arduino15/packages/seeeduino/tools/arm-none-eabi-gcc/7-2017q4/bin/../lib/gcc/arm-none-eabi/7.2.1/../../../../arm-none-eabi/lib/thumb/v6-m\libc_nano.a
END GROUP
START GROUP
LOAD c:/users/john/appdata/local/arduino15/packages/seeeduino/tools/arm-none-eabi-gcc/7-2017q4/bin/../lib/gcc/arm-none-eabi/7.2.1/thumb/v6-m\libgcc.a
LOAD c:/users/john/appdata/local/arduino15/packages/seeeduino/tools/arm-none-eabi-gcc/7-2017q4/bin/../lib/gcc/arm-none-eabi/7.2.1/../../../../arm-none-eabi/lib/thumb/v6-m\libc_nano.a
LOAD c:/users/john/appdata/local/arduino15/packages/seeeduino/tools/arm-none-eabi-gcc/7-2017q4/bin/../lib/gcc/arm-none-eabi/7.2.1/../../../../arm-none-eabi/lib/thumb/v6-m\libnosys.a
END GROUP
START GROUP
LOAD c:/users/john/appdata/local/arduino15/packages/seeeduino/tools/arm-none-eabi-gcc/7-2017q4/bin/../lib/gcc/arm-none-eabi/7.2.1/thumb/v6-m\libgcc.a
LOAD c:/users/john/appdata/local/arduino15/packages/seeeduino/tools/arm-none-eabi-gcc/7-2017q4/bin/../lib/gcc/arm-none-eabi/7.2.1/../../../../arm-none-eabi/lib/thumb/v6-m\libc_nano.a
LOAD c:/users/john/appdata/local/arduino15/packages/seeeduino/tools/arm-none-eabi-gcc/7-2017q4/bin/../lib/gcc/arm-none-eabi/7.2.1/../../../../arm-none-eabi/lib/thumb/v6-m\libnosys.a
END GROUP
LOAD c:/users/john/appdata/local/arduino15/packages/seeeduino/tools/arm-none-eabi-gcc/7-2017q4/bin/../lib/gcc/arm-none-eabi/7.2.1/thumb/v6-m/crtend.o
LOAD c:/users/john/appdata/local/arduino15/packages/seeeduino/tools/arm-none-eabi-gcc/7-2017q4/bin/../lib/gcc/arm-none-eabi/7.2.1/thumb/v6-m/crtn.o

.text           0x00002000     0xf54c
 *(.isr_vector)
 .isr_vector    0x00002000       0xb4 C:\Users\John\AppData\Local\Temp\VMBuilds\Sketch1\Seeeduino_rolawan\Debug/core.a(cortex_handlers.c.o)
                0x00002000                exception_table
 *(.text*)
 .text          0x000020b4       0x48 c:/users/john/appdata/local/arduino15/packages/seeeduino/tools/arm-none-eabi-gcc/7-2017q4/bin/../lib/gcc/arm-none-eabi/7.2.1/thumb/v6-m/crtbegin.o
 .text._Z10alarmMatchv
                0x000020fc        0x2 Sketch1.cpp.o
                0x000020fc                alarmMatch()
 .text._ZN5SoundD2Ev
                0x000020fe        0xe Sketch1.cpp.o
                0x000020fe                Sound::~Sound()
                0x000020fe                Sound::~Sound()
 .text.setup    0x0000210c       0x60 Sketch1.cpp.o
                0x0000210c                setup
 .text._Z5sleepv
                0x0000216c       0x24 Sketch1.cpp.o
                0x0000216c                sleep()
 .text.loop     0x00002190      0x138 Sketch1.cpp.o
                0x00002190                loop
 .text.startup._GLOBAL__sub_I_sound
                0x000022c8       0x54 Sketch1.cpp.o
 .text._ZN6ConfigC2Ev
                0x0000231c       0x1c lib\Config\Config.cpp.o
                0x0000231c                Config::Config()
                0x0000231c                Config::Config()
 .text._ZN6Config4initEv
                0x00002338       0xe0 lib\Config\Config.cpp.o
                0x00002338                Config::init()
 .text._ZN6Config13printDownlinkEPh
                0x00002418       0x34 lib\Config\Config.cpp.o
                0x00002418                Config::printDownlink(unsigned char*)
 .text._ZN6Config15setVolumeMinMaxEPhi
                0x0000244c       0x5c lib\Config\Config.cpp.o
                0x0000244c                Config::setVolumeMinMax(unsigned char*, int)
 .text._ZN6Config13setGPSTimeoutEPhi
                0x000024a8       0x40 lib\Config\Config.cpp.o
                0x000024a8                Config::setGPSTimeout(unsigned char*, int)
 .text._ZN6Config13setADCSamplesEPhi
                0x000024e8       0x3c lib\Config\Config.cpp.o
                0x000024e8                Config::setADCSamples(unsigned char*, int)
 .text._ZN6Config8sumBandsEPhi
                0x00002524       0x3c lib\Config\Config.cpp.o
                0x00002524                Config::sumBands(unsigned char*, int)
 .text._ZN6Config15setFFTThresholdEPhi
                0x00002560       0x44 lib\Config\Config.cpp.o
                0x00002560                Config::setFFTThreshold(unsigned char*, int)
 .text._ZN6Config8setBandsEPhi
                0x000025a4       0x74 lib\Config\Config.cpp.o
                0x000025a4                Config::setBands(unsigned char*, int)
 .text._ZN6Config8setAlarmEhhh
                0x00002618       0x70 lib\Config\Config.cpp.o
                0x00002618                Config::setAlarm(unsigned char, unsigned char, unsigned char)
 .text._ZN6Config11applyConfigEPh
                0x00002688      0x174 lib\Config\Config.cpp.o
                0x00002688                Config::applyConfig(unsigned char*)
 .text._ZN6Config15unconfirmedSentEv
                0x000027fc        0x8 lib\Config\Config.cpp.o
                0x000027fc                Config::unconfirmedSent()
 .text.startup._GLOBAL__sub_I_config_storage
                0x00002804       0x18 lib\Config\Config.cpp.o
 .text._ZN7DS18B2013getResolutionEv
                0x0000281c       0x1a lib\DS18B20\src\DS18B20.cpp.o
                0x0000281c                DS18B20::getResolution()
 .text._ZN7DS18B2010getAddressEPh
                0x00002836       0x12 lib\DS18B20\src\DS18B20.cpp.o
                0x00002836                DS18B20::getAddress(unsigned char*)
 .text._ZN7DS18B2018getNumberOfDevicesEv
                0x00002848        0x4 lib\DS18B20\src\DS18B20.cpp.o
                0x00002848                DS18B20::getNumberOfDevices()
 .text._ZN7DS18B2011sendCommandEh
                0x0000284c       0x3e lib\DS18B20\src\DS18B20.cpp.o
                0x0000284c                DS18B20::sendCommand(unsigned char)
 .text._ZN7DS18B2011sendCommandEhhh
                0x0000288a       0x3c lib\DS18B20\src\DS18B20.cpp.o
                0x0000288a                DS18B20::sendCommand(unsigned char, unsigned char, unsigned char)
 .text._ZN7DS18B2014readScratchpadEv
                0x000028c6       0x3c lib\DS18B20\src\DS18B20.cpp.o
                0x000028c6                DS18B20::readScratchpad()
 .text._ZN7DS18B2013oneWireSearchEh
                0x00002902       0xc6 lib\DS18B20\src\DS18B20.cpp.o
                0x00002902                DS18B20::oneWireSearch(unsigned char)
 .text._ZN7DS18B2011isConnectedEPh
                0x000029c8       0x4c lib\DS18B20\src\DS18B20.cpp.o
                0x000029c8                DS18B20::isConnected(unsigned char*)
 .text._ZN7DS18B206selectEPh
                0x00002a14       0x4e lib\DS18B20\src\DS18B20.cpp.o
                0x00002a14                DS18B20::select(unsigned char*)
 .text._ZN7DS18B2010selectNextEv
                0x00002a62       0x1a lib\DS18B20\src\DS18B20.cpp.o
                0x00002a62                DS18B20::selectNext()
 .text._ZN7DS18B20C2Eh
                0x00002a7c       0x48 lib\DS18B20\src\DS18B20.cpp.o
                0x00002a7c                DS18B20::DS18B20(unsigned char)
                0x00002a7c                DS18B20::DS18B20(unsigned char)
 .text._ZN7DS18B2018delayForConversionEhh
                0x00002ac4       0x40 lib\DS18B20\src\DS18B20.cpp.o
                0x00002ac4                DS18B20::delayForConversion(unsigned char, unsigned char)
 .text._ZN7DS18B208getTempCEv
                0x00002b04       0x68 lib\DS18B20\src\DS18B20.cpp.o
                0x00002b04                DS18B20::getTempC()
 .text._ZN7EncoderC2Ev
                0x00002b6c       0x32 lib\Encoder\Encoder.cpp.o
                0x00002b6c                Encoder::Encoder()
                0x00002b6c                Encoder::Encoder()
 *fill*         0x00002b9e        0x2 
 .text._ZN7Encoder6setGPSEff
                0x00002ba0       0x98 lib\Encoder\Encoder.cpp.o
                0x00002ba0                Encoder::setGPS(float, float)
 .text._ZN7Encoder7setTempEf
                0x00002c38       0x40 lib\Encoder\Encoder.cpp.o
                0x00002c38                Encoder::setTemp(float)
 .text._ZN7Encoder9setVolumeEi
                0x00002c78        0x4 lib\Encoder\Encoder.cpp.o
                0x00002c78                Encoder::setVolume(int)
 .text._ZN7Encoder14setPayloadTypeENS_12payload_typeE
                0x00002c7c        0x4 lib\Encoder\Encoder.cpp.o
                0x00002c7c                Encoder::setPayloadType(Encoder::payload_type)
 .text._ZN7Encoder16encodeGPSPayloadEPhi
                0x00002c80       0x32 lib\Encoder\Encoder.cpp.o
                0x00002c80                Encoder::encodeGPSPayload(unsigned char*, int)
 .text._ZN7Encoder14encodeBandSizeEPht
                0x00002cb2       0x10 lib\Encoder\Encoder.cpp.o
                0x00002cb2                Encoder::encodeBandSize(unsigned char*, unsigned short)
 .text._ZN7Encoder15encodeBandLevelEPhtii
                0x00002cc2       0x16 lib\Encoder\Encoder.cpp.o
                0x00002cc2                Encoder::encodeBandLevel(unsigned char*, unsigned short, int, int)
 .text._ZN7Encoder11encodeBandsEPht
                0x00002cd8       0x40 lib\Encoder\Encoder.cpp.o
                0x00002cd8                Encoder::encodeBands(unsigned char*, unsigned short)
 .text._ZN7Encoder10getPayloadEPh
                0x00002d18       0x52 lib\Encoder\Encoder.cpp.o
                0x00002d18                Encoder::getPayload(unsigned char*)
 *fill*         0x00002d6a        0x2 
 .text._ZN7Encoder8setBandsEPiPdif
                0x00002d6c       0x60 lib\Encoder\Encoder.cpp.o
                0x00002d6c                Encoder::setBands(int*, double*, int, float)
 .text._ZN15EnergySaveClass4initEv
                0x00002dcc       0x10 lib\EnergySave\EnergySave.cpp.o
                0x00002dcc                EnergySaveClass::init()
 .text._ZN15EnergySaveClass15setMCUSleepModeEPFvvE
                0x00002ddc       0x48 lib\EnergySave\EnergySave.cpp.o
                0x00002ddc                EnergySaveClass::setMCUSleepMode(void (*)())
 .text._ZN15EnergySaveClass11standByModeEv
                0x00002e24       0x1c lib\EnergySave\EnergySave.cpp.o
                0x00002e24                EnergySaveClass::standByMode()
 .text._ZN15EnergySaveClass16setAlarmDateTimeEhhh
                0x00002e40       0x68 lib\EnergySave\EnergySave.cpp.o
                0x00002e40                EnergySaveClass::setAlarmDateTime(unsigned char, unsigned char, unsigned char)
 .text._ZN15EnergySaveClass10loraWakeUpEv
                0x00002ea8       0x2c lib\EnergySave\EnergySave.cpp.o
                0x00002ea8                EnergySaveClass::loraWakeUp()
 .text._ZN15EnergySaveClass9loraSleepEv
                0x00002ed4       0x34 lib\EnergySave\EnergySave.cpp.o
                0x00002ed4                EnergySaveClass::loraSleep()
 .text._ZN15EnergySaveClass12lowPowerPinsEb
                0x00002f08       0x44 lib\EnergySave\EnergySave.cpp.o
                0x00002f08                EnergySaveClass::lowPowerPins(bool)
 .text._ZN15EnergySaveClass16enableI2CDevicesEv
                0x00002f4c       0x24 lib\EnergySave\EnergySave.cpp.o
                0x00002f4c                EnergySaveClass::enableI2CDevices()
 .text._ZN15EnergySaveClass17disableI2CDevicesEv
                0x00002f70       0x24 lib\EnergySave\EnergySave.cpp.o
                0x00002f70                EnergySaveClass::disableI2CDevices()
 .text.startup._GLOBAL__sub_I__ZN15EnergySaveClass4initEv
                0x00002f94       0x18 lib\EnergySave\EnergySave.cpp.o
 .text._ZN10arduinoFFTC2Ev
                0x00002fac        0x2 lib\FFT\src\arduinoFFT.cpp.o
                0x00002fac                arduinoFFT::arduinoFFT()
                0x00002fac                arduinoFFT::arduinoFFT()
 .text._ZN10arduinoFFTD2Ev
                0x00002fae        0x2 lib\FFT\src\arduinoFFT.cpp.o
                0x00002fae                arduinoFFT::~arduinoFFT()
                0x00002fae                arduinoFFT::~arduinoFFT()
 .text._ZN10arduinoFFT7ComputeEPdS0_thh
                0x00002fb0      0x2ac lib\FFT\src\arduinoFFT.cpp.o
                0x00002fb0                arduinoFFT::Compute(double*, double*, unsigned short, unsigned char, unsigned char)
 .text._ZN10arduinoFFT18ComplexToMagnitudeEPdS0_t
                0x0000325c       0x4a lib\FFT\src\arduinoFFT.cpp.o
                0x0000325c                arduinoFFT::ComplexToMagnitude(double*, double*, unsigned short)
 *fill*         0x000032a6        0x2 
 .text._ZN10arduinoFFT9WindowingEPdthh
                0x000032a8      0x484 lib\FFT\src\arduinoFFT.cpp.o
                0x000032a8                arduinoFFT::Windowing(double*, unsigned short, unsigned char, unsigned char)
 .text._ZN10arduinoFFT8ExponentEt
                0x0000372c       0x14 lib\FFT\src\arduinoFFT.cpp.o
                0x0000372c                arduinoFFT::Exponent(unsigned short)
 .text._ZN10arduinoFFT7ComputeEPdS0_th
                0x00003740       0x2a lib\FFT\src\arduinoFFT.cpp.o
                0x00003740                arduinoFFT::Compute(double*, double*, unsigned short, unsigned char)
 *fill*         0x0000376a        0x2 
 .text._ZN8GPSClass4initEv
                0x0000376c       0x14 lib\GPS\GPS.cpp.o
                0x0000376c                GPSClass::init()
 .text._ZN8GPSClass5sleepEv
                0x00003780       0x34 lib\GPS\GPS.cpp.o
                0x00003780                GPSClass::sleep()
 .text._ZN8GPSClass6wakeupEv
                0x000037b4       0x28 lib\GPS\GPS.cpp.o
                0x000037b4                GPSClass::wakeup()
 .text._ZN8GPSClass10loraDecodeEv
                0x000037dc       0x94 lib\GPS\GPS.cpp.o
                0x000037dc                GPSClass::loraDecode()
 .text.startup._GLOBAL__sub_I_gps_dev
                0x00003870       0x10 lib\GPS\GPS.cpp.o
 .text._ZN8GPSClass10getGpsDataEi
                0x00003880      0x20c lib\GPS\GPS.cpp.o
                0x00003880                GPSClass::getGpsData(int)
 .text._ZN7NetworkC2Ev
                0x00003a8c       0x40 lib\Network\Network.cpp.o
                0x00003a8c                Network::Network()
                0x00003a8c                Network::Network()
 .text._ZN7Network4joinEh
                0x00003acc       0x38 lib\Network\Network.cpp.o
                0x00003acc                Network::join(unsigned char)
 .text._ZN7Network9connectedEv
                0x00003b04        0x8 lib\Network\Network.cpp.o
                0x00003b04                Network::connected()
 .text._ZN7Network16transaferPayloadER6ConfigPhhS2_b
                0x00003b0c      0x10c lib\Network\Network.cpp.o
                0x00003b0c                Network::transaferPayload(Config&, unsigned char*, unsigned char, unsigned char*, bool)
 .text._ZN7Network15printDeviceInfoEv
                0x00003c18       0x50 lib\Network\Network.cpp.o
                0x00003c18                Network::printDeviceInfo()
 .text._ZN7Network4initEhb
                0x00003c68       0xc4 lib\Network\Network.cpp.o
                0x00003c68                Network::init(unsigned char, bool)
 .text._ZN7OneWire5resetEv
                0x00003d2c       0x56 lib\OneWire\OneWire.cpp.o
                0x00003d2c                OneWire::reset()
 .text._ZN7OneWire9write_bitEh
                0x00003d82       0x36 lib\OneWire\OneWire.cpp.o
                0x00003d82                OneWire::write_bit(unsigned char)
 .text._ZN7OneWire8read_bitEv
                0x00003db8       0x2e lib\OneWire\OneWire.cpp.o
                0x00003db8                OneWire::read_bit()
 .text._ZN7OneWire5writeEhh
                0x00003de6       0x3c lib\OneWire\OneWire.cpp.o
                0x00003de6                OneWire::write(unsigned char, unsigned char)
 .text._ZN7OneWire4readEv
                0x00003e22       0x24 lib\OneWire\OneWire.cpp.o
                0x00003e22                OneWire::read()
 .text._ZN7OneWire6selectEPKh
                0x00003e46       0x24 lib\OneWire\OneWire.cpp.o
                0x00003e46                OneWire::select(unsigned char const*)
 .text._ZN7OneWire12reset_searchEv
                0x00003e6a        0xc lib\OneWire\OneWire.cpp.o
                0x00003e6a                OneWire::reset_search()
 *fill*         0x00003e76        0x2 
 .text._ZN7OneWire5beginEh
                0x00003e78       0x38 lib\OneWire\OneWire.cpp.o
                0x00003e78                OneWire::begin(unsigned char)
 .text._ZN7OneWire4crc8EPKhh
                0x00003eb0       0x2c lib\OneWire\OneWire.cpp.o
                0x00003eb0                OneWire::crc8(unsigned char const*, unsigned char)
 .text._ZN7RTCZeroC2Ev
                0x00003edc        0x6 lib\RTCZero\RTCZero.cpp.o
                0x00003edc                RTCZero::RTCZero()
                0x00003edc                RTCZero::RTCZero()
 *fill*         0x00003ee2        0x2 
 .text.RTC_Handler
                0x00003ee4       0x1c lib\RTCZero\RTCZero.cpp.o
                0x00003ee4                RTC_Handler
 .text._ZN7RTCZero11enableAlarmENS_11Alarm_MatchE
                0x00003f00       0x28 lib\RTCZero\RTCZero.cpp.o
                0x00003f00                RTCZero::enableAlarm(RTCZero::Alarm_Match)
 .text._ZN7RTCZero15attachInterruptEPFvvE
                0x00003f28        0xc lib\RTCZero\RTCZero.cpp.o
                0x00003f28                RTCZero::attachInterrupt(void (*)())
 .text._ZN7RTCZero11standbyModeEv
                0x00003f34       0x14 lib\RTCZero\RTCZero.cpp.o
                0x00003f34                RTCZero::standbyMode()
 .text._ZN7RTCZero10setSecondsEh
                0x00003f48       0x28 lib\RTCZero\RTCZero.cpp.o
                0x00003f48                RTCZero::setSeconds(unsigned char)
 .text._ZN7RTCZero10setMinutesEh
                0x00003f70       0x28 lib\RTCZero\RTCZero.cpp.o
                0x00003f70                RTCZero::setMinutes(unsigned char)
 .text._ZN7RTCZero8setHoursEh
                0x00003f98       0x28 lib\RTCZero\RTCZero.cpp.o
                0x00003f98                RTCZero::setHours(unsigned char)
 .text._ZN7RTCZero7setTimeEhhh
                0x00003fc0       0x26 lib\RTCZero\RTCZero.cpp.o
                0x00003fc0                RTCZero::setTime(unsigned char, unsigned char, unsigned char)
 *fill*         0x00003fe6        0x2 
 .text._ZN7RTCZero6setDayEh
                0x00003fe8       0x28 lib\RTCZero\RTCZero.cpp.o
                0x00003fe8                RTCZero::setDay(unsigned char)
 .text._ZN7RTCZero8setMonthEh
                0x00004010       0x28 lib\RTCZero\RTCZero.cpp.o
                0x00004010                RTCZero::setMonth(unsigned char)
 .text._ZN7RTCZero7setYearEh
                0x00004038       0x20 lib\RTCZero\RTCZero.cpp.o
                0x00004038                RTCZero::setYear(unsigned char)
 .text._ZN7RTCZero7setDateEhhh
                0x00004058       0x24 lib\RTCZero\RTCZero.cpp.o
                0x00004058                RTCZero::setDate(unsigned char, unsigned char, unsigned char)
 .text._ZN7RTCZero15setAlarmSecondsEh
                0x0000407c       0x28 lib\RTCZero\RTCZero.cpp.o
                0x0000407c                RTCZero::setAlarmSeconds(unsigned char)
 .text._ZN7RTCZero15setAlarmMinutesEh
                0x000040a4       0x28 lib\RTCZero\RTCZero.cpp.o
                0x000040a4                RTCZero::setAlarmMinutes(unsigned char)
 .text._ZN7RTCZero13setAlarmHoursEh
                0x000040cc       0x28 lib\RTCZero\RTCZero.cpp.o
                0x000040cc                RTCZero::setAlarmHours(unsigned char)
 .text._ZN7RTCZero12setAlarmTimeEhhh
                0x000040f4       0x26 lib\RTCZero\RTCZero.cpp.o
                0x000040f4                RTCZero::setAlarmTime(unsigned char, unsigned char, unsigned char)
 *fill*         0x0000411a        0x2 
 .text._ZN7RTCZero14configureClockEv
                0x0000411c       0x38 lib\RTCZero\RTCZero.cpp.o
                0x0000411c                RTCZero::configureClock()
 .text._ZN7RTCZero10RTCdisableEv
                0x00004154       0x18 lib\RTCZero\RTCZero.cpp.o
                0x00004154                RTCZero::RTCdisable()
 .text._ZN7RTCZero9RTCenableEv
                0x0000416c       0x18 lib\RTCZero\RTCZero.cpp.o
                0x0000416c                RTCZero::RTCenable()
 .text._ZN7RTCZero8RTCresetEv
                0x00004184       0x18 lib\RTCZero\RTCZero.cpp.o
                0x00004184                RTCZero::RTCreset()
 .text._ZN7RTCZero14RTCresetRemoveEv
                0x0000419c       0x18 lib\RTCZero\RTCZero.cpp.o
                0x0000419c                RTCZero::RTCresetRemove()
 .text._ZN7RTCZero5beginEb
                0x000041b4       0xd0 lib\RTCZero\RTCZero.cpp.o
                0x000041b4                RTCZero::begin(bool)
 .text._ZN7Sensors8readTempEv
                0x00004284       0x50 lib\Sensors\Sensors.cpp.o
                0x00004284                Sensors::readTemp()
 .text._ZN7Sensors6enableEv
                0x000042d4       0x14 lib\Sensors\Sensors.cpp.o
                0x000042d4                Sensors::enable()
 .text._ZN7SensorsC2Ev
                0x000042e8       0x20 lib\Sensors\Sensors.cpp.o
                0x000042e8                Sensors::Sensors()
                0x000042e8                Sensors::Sensors()
 .text.startup._GLOBAL__sub_I_ds
                0x00004308       0x10 lib\Sensors\Sensors.cpp.o
 .text._ZN5SoundC2Eiii
                0x00004318       0x20 lib\Sound\Sound.cpp.o
                0x00004318                Sound::Sound(int, int, int)
                0x00004318                Sound::Sound(int, int, int)
 .text._ZN5Sound13setADCSamplesEi
                0x00004338       0x28 lib\Sound\Sound.cpp.o
                0x00004338                Sound::setADCSamples(int)
 .text._ZN5Sound7readAvgEii
                0x00004360       0x8c lib\Sound\Sound.cpp.o
                0x00004360                Sound::readAvg(int, int)
 .text._ZN5Sound4waitEm
                0x000043ec       0x16 lib\Sound\Sound.cpp.o
                0x000043ec                Sound::wait(unsigned long)
 *fill*         0x00004402        0x2 
 .text._ZN5Sound7computeEv
                0x00004404       0x4c lib\Sound\Sound.cpp.o
                0x00004404                Sound::compute()
 .text._ZN5Sound6calcDbEf
                0x00004450       0xe4 lib\Sound\Sound.cpp.o
                0x00004450                Sound::calcDb(float)
 .text._ZN5Sound9getVolumeEiif
                0x00004534       0xa0 lib\Sound\Sound.cpp.o
                0x00004534                Sound::getVolume(int, int, float)
 .text._ZN5Sound10calcTimingEm
                0x000045d4       0x58 lib\Sound\Sound.cpp.o
                0x000045d4                Sound::calcTiming(unsigned long)
 .text._ZN5Sound11readSamplesEv
                0x0000462c       0x60 lib\Sound\Sound.cpp.o
                0x0000462c                Sound::readSamples()
 .text._ZN5Sound8sumBandsEiii
                0x0000468c       0xa4 lib\Sound\Sound.cpp.o
                0x0000468c                Sound::sumBands(int, int, int)
 .text._ZN5Sound16getSelectedBandsEPiiPdii
                0x00004730       0x94 lib\Sound\Sound.cpp.o
                0x00004730                Sound::getSelectedBands(int*, int, double*, int, int)
 .text._ZN5Sound9printInfoEv
                0x000047c4       0xac lib\Sound\Sound.cpp.o
                0x000047c4                Sound::printInfo()
 .text._ZN7TinyGPSC2Ev
                0x00004870       0x44 lib\TinyGPS\TinyGPS.cpp.o
                0x00004870                TinyGPS::TinyGPS()
                0x00004870                TinyGPS::TinyGPS()
 .text._ZN7TinyGPS8from_hexEc
                0x000048b4       0x1e lib\TinyGPS\TinyGPS.cpp.o
                0x000048b4                TinyGPS::from_hex(char)
 .text._ZN7TinyGPS7gpsatolEPKc
                0x000048d2       0x1c lib\TinyGPS\TinyGPS.cpp.o
                0x000048d2                TinyGPS::gpsatol(char const*)
 .text._ZN7TinyGPS13parse_decimalEv
                0x000048ee       0x52 lib\TinyGPS\TinyGPS.cpp.o
                0x000048ee                TinyGPS::parse_decimal()
 .text._ZN7TinyGPS13parse_degreesEv
                0x00004940       0x6c lib\TinyGPS\TinyGPS.cpp.o
                0x00004940                TinyGPS::parse_degrees()
 .text._ZN7TinyGPS9gpsstrcmpEPKcS1_
                0x000049ac       0x14 lib\TinyGPS\TinyGPS.cpp.o
                0x000049ac                TinyGPS::gpsstrcmp(char const*, char const*)
 .text._ZN7TinyGPS13term_completeEv
                0x000049c0      0x1c8 lib\TinyGPS\TinyGPS.cpp.o
                0x000049c0                TinyGPS::term_complete()
 .text._ZN7TinyGPS6encodeEc
                0x00004b88       0x9e lib\TinyGPS\TinyGPS.cpp.o
                0x00004b88                TinyGPS::encode(char)
 .text._ZN7TinyGPS12get_positionEPlS0_Pm
                0x00004c26       0x2c lib\TinyGPS\TinyGPS.cpp.o
                0x00004c26                TinyGPS::get_position(long*, long*, unsigned long*)
 .text._ZN7TinyGPS12get_datetimeEPmS0_S0_
                0x00004c52       0x2c lib\TinyGPS\TinyGPS.cpp.o
                0x00004c52                TinyGPS::get_datetime(unsigned long*, unsigned long*, unsigned long*)
 *fill*         0x00004c7e        0x2 
 .text._ZN7TinyGPS14f_get_positionEPfS0_Pm
                0x00004c80       0x58 lib\TinyGPS\TinyGPS.cpp.o
                0x00004c80                TinyGPS::f_get_position(float*, float*, unsigned long*)
 .text._ZN10FlashClassC2EPKvm
                0x00004cd8       0x30 FlashStorage\FlashStorage.cpp.o
                0x00004cd8                FlashClass::FlashClass(void const*, unsigned long)
                0x00004cd8                FlashClass::FlashClass(void const*, unsigned long)
 .text._ZN10FlashClass5writeEPVKvPKvm
                0x00004d08       0x84 FlashStorage\FlashStorage.cpp.o
                0x00004d08                FlashClass::write(void const volatile*, void const*, unsigned long)
 .text._ZN10FlashClass5eraseEPVKv
                0x00004d8c       0x1c FlashStorage\FlashStorage.cpp.o
                0x00004d8c                FlashClass::erase(void const volatile*)
 .text._ZN10FlashClass5eraseEPVKvm
                0x00004da8       0x24 FlashStorage\FlashStorage.cpp.o
                0x00004da8                FlashClass::erase(void const volatile*, unsigned long)
 .text._ZN10FlashClass4readEPVKvPvm
                0x00004dcc        0xc FlashStorage\FlashStorage.cpp.o
                0x00004dcc                FlashClass::read(void const volatile*, void*, unsigned long)
 .text._ZN5Print5writeEPKc.part.0
                0x00004dd8       0x1a LoRaWan\LoRaWan.cpp.o
 .text._ZN12LoRaWanClassC2Ev
                0x00004df2       0x12 LoRaWan\LoRaWan.cpp.o
                0x00004df2                LoRaWanClass::LoRaWanClass()
                0x00004df2                LoRaWanClass::LoRaWanClass()
 .text._ZN12LoRaWanClass5setIdEPcS0_S0_
                0x00004e04       0x90 LoRaWan\LoRaWan.cpp.o
                0x00004e04                LoRaWanClass::setId(char*, char*, char*)
 .text._ZN12LoRaWanClass13receivePacketEPcsPs
                0x00004e94       0xe8 LoRaWan\LoRaWan.cpp.o
                0x00004e94                LoRaWanClass::receivePacket(char*, short, short*)
 .text.startup._GLOBAL__sub_I__ZN12LoRaWanClassC2Ev
                0x00004f7c       0x10 LoRaWan\LoRaWan.cpp.o
 .text._ZN12LoRaWanClass4initEv
                0x00004f8c       0x14 LoRaWan\LoRaWan.cpp.o
                0x00004f8c                LoRaWanClass::init()
 .text._ZN12LoRaWanClass10readBufferEPcsh
                0x00004fa0       0x4c LoRaWan\LoRaWan.cpp.o
                0x00004fa0                LoRaWanClass::readBuffer(char*, short, unsigned char)
 .text._ZN12LoRaWanClass10getVersionEPcsh
                0x00004fec       0x40 LoRaWan\LoRaWan.cpp.o
                0x00004fec                LoRaWanClass::getVersion(char*, short, unsigned char)
 .text._ZN12LoRaWanClass5getIdEPcsh
                0x0000502c       0x40 LoRaWan\LoRaWan.cpp.o
                0x0000502c                LoRaWanClass::getId(char*, short, unsigned char)
 .text._ZN12LoRaWanClass14transferPacketEPhhh
                0x0000506c       0xa0 LoRaWan\LoRaWan.cpp.o
                0x0000506c                LoRaWanClass::transferPacket(unsigned char*, unsigned char, unsigned char)
 .text._ZN12LoRaWanClass14loraDebugPrintEh.constprop.1
                0x0000510c       0x40 LoRaWan\LoRaWan.cpp.o
 .text._ZN12LoRaWanClass17setDeviceLowPowerEv
                0x0000514c       0x20 LoRaWan\LoRaWan.cpp.o
                0x0000514c                LoRaWanClass::setDeviceLowPower()
 .text._ZN12LoRaWanClass11setOTAAJoinE16_otaa_join_cmd_th
                0x0000516c       0x80 LoRaWan\LoRaWan.cpp.o
                0x0000516c                LoRaWanClass::setOTAAJoin(_otaa_join_cmd_t, unsigned char)
 .text._ZN12LoRaWanClass13setDeciveModeE14_device_mode_t
                0x000051ec       0x30 LoRaWan\LoRaWan.cpp.o
                0x000051ec                LoRaWanClass::setDeciveMode(_device_mode_t)
 .text._ZN12LoRaWanClass16setJoinDutyCycleEb
                0x0000521c       0x2c LoRaWan\LoRaWan.cpp.o
                0x0000521c                LoRaWanClass::setJoinDutyCycle(bool)
 .text._ZN12LoRaWanClass12setDutyCycleEb
                0x00005248       0x2c LoRaWan\LoRaWan.cpp.o
                0x00005248                LoRaWanClass::setDutyCycle(bool)
 .text._ZN12LoRaWanClass22setReceiceWindowSecondEf12_data_rate_t
                0x00005274       0x60 LoRaWan\LoRaWan.cpp.o
                0x00005274                LoRaWanClass::setReceiceWindowSecond(float, _data_rate_t)
 .text._ZN12LoRaWanClass21setReceiceWindowFirstEhf
                0x000052d4       0x64 LoRaWan\LoRaWan.cpp.o
                0x000052d4                LoRaWanClass::setReceiceWindowFirst(unsigned char, float)
 .text._ZN12LoRaWanClass10setChannelEhf
                0x00005338       0x64 LoRaWan\LoRaWan.cpp.o
                0x00005338                LoRaWanClass::setChannel(unsigned char, float)
 .text._ZN12LoRaWanClass19setAdaptiveDataRateEb
                0x0000539c       0x2c LoRaWan\LoRaWan.cpp.o
                0x0000539c                LoRaWanClass::setAdaptiveDataRate(bool)
 .text._ZN12LoRaWanClass8setPowerEs
                0x000053c8       0x3c LoRaWan\LoRaWan.cpp.o
                0x000053c8                LoRaWanClass::setPower(short)
 .text._ZN12LoRaWanClass11setDataRateE12_data_rate_t16_physical_type_t
                0x00005404       0xbc LoRaWan\LoRaWan.cpp.o
                0x00005404                LoRaWanClass::setDataRate(_data_rate_t, _physical_type_t)
 .text._ZN12LoRaWanClass6setKeyEPcS0_S0_
                0x000054c0       0xa4 LoRaWan\LoRaWan.cpp.o
                0x000054c0                LoRaWanClass::setKey(char*, char*, char*)
 .text.SERCOM0_Handler
                0x00005564       0x10 C:\Users\John\AppData\Local\Temp\VMBCore\arduino16x\3a5f1cd4aab521e53edf5a36a48e84cf\variant\variant.cpp.o
                0x00005564                SERCOM0_Handler
 .text.SERCOM5_Handler
                0x00005574       0x10 C:\Users\John\AppData\Local\Temp\VMBCore\arduino16x\3a5f1cd4aab521e53edf5a36a48e84cf\variant\variant.cpp.o
                0x00005574                SERCOM5_Handler
 .text.SERCOM1_Handler
                0x00005584       0x10 C:\Users\John\AppData\Local\Temp\VMBCore\arduino16x\3a5f1cd4aab521e53edf5a36a48e84cf\variant\variant.cpp.o
                0x00005584                SERCOM1_Handler
 .text.startup._GLOBAL__sub_I_g_APinDescription
                0x00005594       0xa8 C:\Users\John\AppData\Local\Temp\VMBCore\arduino16x\3a5f1cd4aab521e53edf5a36a48e84cf\variant\variant.cpp.o
 .text.Dummy_Handler
                0x0000563c        0x2 C:\Users\John\AppData\Local\Temp\VMBuilds\Sketch1\Seeeduino_rolawan\Debug/core.a(cortex_handlers.c.o)
                0x0000563c                DMAC_Handler
                0x0000563c                HardFault_Handler
                0x0000563c                AC_Handler
                0x0000563c                PendSV_Handler
                0x0000563c                NMI_Handler
                0x0000563c                TC7_Handler
                0x0000563c                ADC_Handler
                0x0000563c                TCC1_Handler
                0x0000563c                SERCOM2_Handler
                0x0000563c                TCC0_Handler
                0x0000563c                EIC_Handler
                0x0000563c                TC6_Handler
                0x0000563c                WDT_Handler
                0x0000563c                TC4_Handler
                0x0000563c                TC3_Handler
                0x0000563c                Dummy_Handler
                0x0000563c                PM_Handler
                0x0000563c                SVC_Handler
                0x0000563c                TCC2_Handler
                0x0000563c                EVSYS_Handler
                0x0000563c                SERCOM3_Handler
                0x0000563c                SERCOM4_Handler
                0x0000563c                I2S_Handler
                0x0000563c                NVMCTRL_Handler
                0x0000563c                DAC_Handler
                0x0000563c                PTC_Handler
                0x0000563c                SYSCTRL_Handler
 *fill*         0x0000563e        0x2 
 .text.USB_Handler
                0x00005640       0x14 C:\Users\John\AppData\Local\Temp\VMBuilds\Sketch1\Seeeduino_rolawan\Debug/core.a(cortex_handlers.c.o)
                0x00005640                USB_Handler
 .text.Reset_Handler
                0x00005654       0x54 C:\Users\John\AppData\Local\Temp\VMBuilds\Sketch1\Seeeduino_rolawan\Debug/core.a(cortex_handlers.c.o)
                0x00005654                Reset_Handler
 .text.SysTick_Handler
                0x000056a8       0x10 C:\Users\John\AppData\Local\Temp\VMBuilds\Sketch1\Seeeduino_rolawan\Debug/core.a(cortex_handlers.c.o)
                0x000056a8                SysTick_Handler
 .text.USB_SetHandler
                0x000056b8        0xc C:\Users\John\AppData\Local\Temp\VMBuilds\Sketch1\Seeeduino_rolawan\Debug/core.a(cortex_handlers.c.o)
                0x000056b8                USB_SetHandler
 .text.millis   0x000056c4        0xc C:\Users\John\AppData\Local\Temp\VMBuilds\Sketch1\Seeeduino_rolawan\Debug/core.a(delay.c.o)
                0x000056c4                millis
 .text.micros   0x000056d0       0x60 C:\Users\John\AppData\Local\Temp\VMBuilds\Sketch1\Seeeduino_rolawan\Debug/core.a(delay.c.o)
                0x000056d0                micros
 .text._real_delay
                0x00005730       0x30 C:\Users\John\AppData\Local\Temp\VMBuilds\Sketch1\Seeeduino_rolawan\Debug/core.a(delay.c.o)
                0x00005730                _real_delay
                0x00005730                delay
 .text.SysTick_DefaultHandler
                0x00005760       0x14 C:\Users\John\AppData\Local\Temp\VMBuilds\Sketch1\Seeeduino_rolawan\Debug/core.a(delay.c.o)
                0x00005760                SysTick_DefaultHandler
 .text.__empty  0x00005774        0x2 C:\Users\John\AppData\Local\Temp\VMBuilds\Sketch1\Seeeduino_rolawan\Debug/core.a(hooks.c.o)
                0x00005774                yield
 .text.__false  0x00005776        0x4 C:\Users\John\AppData\Local\Temp\VMBuilds\Sketch1\Seeeduino_rolawan\Debug/core.a(hooks.c.o)
                0x00005776                sysTickHook
 *fill*         0x0000577a        0x2 
 .text.SystemInit
                0x0000577c      0x160 C:\Users\John\AppData\Local\Temp\VMBuilds\Sketch1\Seeeduino_rolawan\Debug/core.a(startup.c.o)
                0x0000577c                SystemInit
 .text.init     0x000058dc       0xe0 C:\Users\John\AppData\Local\Temp\VMBuilds\Sketch1\Seeeduino_rolawan\Debug/core.a(wiring.c.o)
                0x000058dc                init
 .text.analogReadResolution
                0x000059bc       0x4c C:\Users\John\AppData\Local\Temp\VMBuilds\Sketch1\Seeeduino_rolawan\Debug/core.a(wiring_analog.c.o)
                0x000059bc                analogReadResolution
 .text.analogReference
                0x00005a08       0x88 C:\Users\John\AppData\Local\Temp\VMBuilds\Sketch1\Seeeduino_rolawan\Debug/core.a(wiring_analog.c.o)
                0x00005a08                analogReference
 .text.analogRead
                0x00005a90       0xcc C:\Users\John\AppData\Local\Temp\VMBuilds\Sketch1\Seeeduino_rolawan\Debug/core.a(wiring_analog.c.o)
                0x00005a90                analogRead
 .text.pinMode  0x00005b5c       0x60 C:\Users\John\AppData\Local\Temp\VMBuilds\Sketch1\Seeeduino_rolawan\Debug/core.a(wiring_digital.c.o)
                0x00005b5c                pinMode
 .text.digitalWrite
                0x00005bbc       0x58 C:\Users\John\AppData\Local\Temp\VMBuilds\Sketch1\Seeeduino_rolawan\Debug/core.a(wiring_digital.c.o)
                0x00005bbc                digitalWrite
 .text.mapResolution
                0x00005c14       0x12 C:\Users\John\AppData\Local\Temp\VMBuilds\Sketch1\Seeeduino_rolawan\Debug/core.a(wiring_private.c.o)
                0x00005c14                mapResolution
 *fill*         0x00005c26        0x2 
 .text.pinPeripheral
                0x00005c28       0xc4 C:\Users\John\AppData\Local\Temp\VMBuilds\Sketch1\Seeeduino_rolawan\Debug/core.a(wiring_private.c.o)
                0x00005c28                pinPeripheral
 .text._Z11initVariantv
                0x00005cec        0x2 C:\Users\John\AppData\Local\Temp\VMBuilds\Sketch1\Seeeduino_rolawan\Debug/core.a(main.cpp.o)
                0x00005cec                initVariant()
 *fill*         0x00005cee        0x2 
 .text._Z10_real_bodyv
                0x00005cf0       0x20 C:\Users\John\AppData\Local\Temp\VMBuilds\Sketch1\Seeeduino_rolawan\Debug/core.a(main.cpp.o)
                0x00005cf0                _real_body()
 .text._Z10_wrap_bodyv
                0x00005d10        0x6 C:\Users\John\AppData\Local\Temp\VMBuilds\Sketch1\Seeeduino_rolawan\Debug/core.a(main.cpp.o)
                0x00005d10                _wrap_body()
 *fill*         0x00005d16        0x2 
 .text.startup.main
                0x00005d18       0x30 C:\Users\John\AppData\Local\Temp\VMBuilds\Sketch1\Seeeduino_rolawan\Debug/core.a(main.cpp.o)
                0x00005d18                main
 .text._ZN5Print5writeEPKhj
                0x00005d48       0x28 C:\Users\John\AppData\Local\Temp\VMBuilds\Sketch1\Seeeduino_rolawan\Debug/core.a(Print.cpp.o)
                0x00005d48                Print::write(unsigned char const*, unsigned int)
 .text._ZN5Print5writeEPKc.part.2
                0x00005d70       0x1a C:\Users\John\AppData\Local\Temp\VMBuilds\Sketch1\Seeeduino_rolawan\Debug/core.a(Print.cpp.o)
 .text._ZN5Print5writeEPKc
                0x00005d8a       0x10 C:\Users\John\AppData\Local\Temp\VMBuilds\Sketch1\Seeeduino_rolawan\Debug/core.a(Print.cpp.o)
                0x00005d8a                Print::write(char const*)
 .text._ZN5Print5printEPKc
                0x00005d9a        0x8 C:\Users\John\AppData\Local\Temp\VMBuilds\Sketch1\Seeeduino_rolawan\Debug/core.a(Print.cpp.o)
                0x00005d9a                Print::print(char const*)
 .text._ZN5Print5printEc
                0x00005da2        0xa C:\Users\John\AppData\Local\Temp\VMBuilds\Sketch1\Seeeduino_rolawan\Debug/core.a(Print.cpp.o)
                0x00005da2                Print::print(char)
 .text._ZN5Print7printlnEv
                0x00005dac       0x10 C:\Users\John\AppData\Local\Temp\VMBuilds\Sketch1\Seeeduino_rolawan\Debug/core.a(Print.cpp.o)
                0x00005dac                Print::println()
 .text._ZN5Print7printlnEPKc
                0x00005dbc       0x14 C:\Users\John\AppData\Local\Temp\VMBuilds\Sketch1\Seeeduino_rolawan\Debug/core.a(Print.cpp.o)
                0x00005dbc                Print::println(char const*)
 .text._ZN5Print11printNumberEmh
                0x00005dd0       0x48 C:\Users\John\AppData\Local\Temp\VMBuilds\Sketch1\Seeeduino_rolawan\Debug/core.a(Print.cpp.o)
                0x00005dd0                Print::printNumber(unsigned long, unsigned char)
 .text._ZN5Print5printEli
                0x00005e18       0x3e C:\Users\John\AppData\Local\Temp\VMBuilds\Sketch1\Seeeduino_rolawan\Debug/core.a(Print.cpp.o)
                0x00005e18                Print::print(long, int)
 .text._ZN5Print5printEii
                0x00005e56        0x8 C:\Users\John\AppData\Local\Temp\VMBuilds\Sketch1\Seeeduino_rolawan\Debug/core.a(Print.cpp.o)
                0x00005e56                Print::print(int, int)
 .text._ZN5Print7printlnEii
                0x00005e5e       0x14 C:\Users\John\AppData\Local\Temp\VMBuilds\Sketch1\Seeeduino_rolawan\Debug/core.a(Print.cpp.o)
                0x00005e5e                Print::println(int, int)
 .text._ZN5Print5printEmi
                0x00005e72       0x18 C:\Users\John\AppData\Local\Temp\VMBuilds\Sketch1\Seeeduino_rolawan\Debug/core.a(Print.cpp.o)
                0x00005e72                Print::print(unsigned long, int)
 .text._ZN5Print5printEhi
                0x00005e8a        0x8 C:\Users\John\AppData\Local\Temp\VMBuilds\Sketch1\Seeeduino_rolawan\Debug/core.a(Print.cpp.o)
                0x00005e8a                Print::print(unsigned char, int)
 .text._ZN5Print7printlnEhi
                0x00005e92       0x14 C:\Users\John\AppData\Local\Temp\VMBuilds\Sketch1\Seeeduino_rolawan\Debug/core.a(Print.cpp.o)
                0x00005e92                Print::println(unsigned char, int)
 *fill*         0x00005ea6        0x2 
 .text._ZN5Print10printFloatEdh
                0x00005ea8      0x16c C:\Users\John\AppData\Local\Temp\VMBuilds\Sketch1\Seeeduino_rolawan\Debug/core.a(Print.cpp.o)
                0x00005ea8                Print::printFloat(double, unsigned char)
 .text._ZN5Print5printEdi
                0x00006014       0x12 C:\Users\John\AppData\Local\Temp\VMBuilds\Sketch1\Seeeduino_rolawan\Debug/core.a(Print.cpp.o)
                0x00006014                Print::print(double, int)
 .text._ZN5Print7printlnEdi
                0x00006026       0x20 C:\Users\John\AppData\Local\Temp\VMBuilds\Sketch1\Seeeduino_rolawan\Debug/core.a(Print.cpp.o)
                0x00006026                Print::println(double, int)
 *fill*         0x00006046        0x2 
 .text.initiateReset
                0x00006048        0xc C:\Users\John\AppData\Local\Temp\VMBuilds\Sketch1\Seeeduino_rolawan\Debug/core.a(Reset.cpp.o)
                0x00006048                initiateReset
 .text.cancelReset
                0x00006054       0x10 C:\Users\John\AppData\Local\Temp\VMBuilds\Sketch1\Seeeduino_rolawan\Debug/core.a(Reset.cpp.o)
                0x00006054                cancelReset
 .text.tickReset
                0x00006064       0x64 C:\Users\John\AppData\Local\Temp\VMBuilds\Sketch1\Seeeduino_rolawan\Debug/core.a(Reset.cpp.o)
                0x00006064                tickReset
 .text.__wrap__write
                0x000060c8        0x4 C:\Users\John\AppData\Local\Temp\VMBuilds\Sketch1\Seeeduino_rolawan\Debug/core.a(Retarget.cpp.o)
                0x000060c8                __wrap__write
 .text._ZN6SERCOMC2EP6Sercom
                0x000060cc        0x4 C:\Users\John\AppData\Local\Temp\VMBuilds\Sketch1\Seeeduino_rolawan\Debug/core.a(SERCOM.cpp.o)
                0x000060cc                SERCOM::SERCOM(Sercom*)
                0x000060cc                SERCOM::SERCOM(Sercom*)
 .text._ZN6SERCOM9initFrameE18SercomUartCharSize15SercomDataOrder16SercomParityMode19SercomNumberStopBit
                0x000060d0       0x3a C:\Users\John\AppData\Local\Temp\VMBuilds\Sketch1\Seeeduino_rolawan\Debug/core.a(SERCOM.cpp.o)
                0x000060d0                SERCOM::initFrame(SercomUartCharSize, SercomDataOrder, SercomParityMode, SercomNumberStopBit)
 .text._ZN6SERCOM8initPadsE15SercomUartTXPad11SercomRXPad
                0x0000610a       0x26 C:\Users\John\AppData\Local\Temp\VMBuilds\Sketch1\Seeeduino_rolawan\Debug/core.a(SERCOM.cpp.o)
                0x0000610a                SERCOM::initPads(SercomUartTXPad, SercomRXPad)
 .text._ZN6SERCOM9resetUARTEv
                0x00006130       0x1a C:\Users\John\AppData\Local\Temp\VMBuilds\Sketch1\Seeeduino_rolawan\Debug/core.a(SERCOM.cpp.o)
                0x00006130                SERCOM::resetUART()
 .text._ZN6SERCOM10enableUARTEv
                0x0000614a       0x14 C:\Users\John\AppData\Local\Temp\VMBuilds\Sketch1\Seeeduino_rolawan\Debug/core.a(SERCOM.cpp.o)
                0x0000614a                SERCOM::enableUART()
 .text._ZN6SERCOM9flushUARTEv
                0x0000615e       0x10 C:\Users\John\AppData\Local\Temp\VMBuilds\Sketch1\Seeeduino_rolawan\Debug/core.a(SERCOM.cpp.o)
                0x0000615e                SERCOM::flushUART()
 .text._ZN6SERCOM15clearStatusUARTEv
                0x0000616e        0x8 C:\Users\John\AppData\Local\Temp\VMBuilds\Sketch1\Seeeduino_rolawan\Debug/core.a(SERCOM.cpp.o)
                0x0000616e                SERCOM::clearStatusUART()
 .text._ZN6SERCOM17availableDataUARTEv
                0x00006176        0xa C:\Users\John\AppData\Local\Temp\VMBuilds\Sketch1\Seeeduino_rolawan\Debug/core.a(SERCOM.cpp.o)
                0x00006176                SERCOM::availableDataUART()
 .text._ZN6SERCOM11isUARTErrorEv
                0x00006180        0x8 C:\Users\John\AppData\Local\Temp\VMBuilds\Sketch1\Seeeduino_rolawan\Debug/core.a(SERCOM.cpp.o)
                0x00006180                SERCOM::isUARTError()
 .text._ZN6SERCOM20acknowledgeUARTErrorEv
                0x00006188        0xe C:\Users\John\AppData\Local\Temp\VMBuilds\Sketch1\Seeeduino_rolawan\Debug/core.a(SERCOM.cpp.o)
                0x00006188                SERCOM::acknowledgeUARTError()
 .text._ZN6SERCOM16isFrameErrorUARTEv
                0x00006196        0xa C:\Users\John\AppData\Local\Temp\VMBuilds\Sketch1\Seeeduino_rolawan\Debug/core.a(SERCOM.cpp.o)
                0x00006196                SERCOM::isFrameErrorUART()
 .text._ZN6SERCOM19clearFrameErrorUARTEv
                0x000061a0        0xc C:\Users\John\AppData\Local\Temp\VMBuilds\Sketch1\Seeeduino_rolawan\Debug/core.a(SERCOM.cpp.o)
                0x000061a0                SERCOM::clearFrameErrorUART()
 .text._ZN6SERCOM23isDataRegisterEmptyUARTEv
                0x000061ac        0xa C:\Users\John\AppData\Local\Temp\VMBuilds\Sketch1\Seeeduino_rolawan\Debug/core.a(SERCOM.cpp.o)
                0x000061ac                SERCOM::isDataRegisterEmptyUART()
 .text._ZN6SERCOM12readDataUARTEv
                0x000061b6        0x8 C:\Users\John\AppData\Local\Temp\VMBuilds\Sketch1\Seeeduino_rolawan\Debug/core.a(SERCOM.cpp.o)
                0x000061b6                SERCOM::readDataUART()
 .text._ZN6SERCOM13writeDataUARTEh
                0x000061be       0x10 C:\Users\John\AppData\Local\Temp\VMBuilds\Sketch1\Seeeduino_rolawan\Debug/core.a(SERCOM.cpp.o)
                0x000061be                SERCOM::writeDataUART(unsigned char)
 .text._ZN6SERCOM36enableDataRegisterEmptyInterruptUARTEv
                0x000061ce        0x8 C:\Users\John\AppData\Local\Temp\VMBuilds\Sketch1\Seeeduino_rolawan\Debug/core.a(SERCOM.cpp.o)
                0x000061ce                SERCOM::enableDataRegisterEmptyInterruptUART()
 .text._ZN6SERCOM37disableDataRegisterEmptyInterruptUARTEv
                0x000061d6        0x8 C:\Users\John\AppData\Local\Temp\VMBuilds\Sketch1\Seeeduino_rolawan\Debug/core.a(SERCOM.cpp.o)
                0x000061d6                SERCOM::disableDataRegisterEmptyInterruptUART()
 *fill*         0x000061de        0x2 
 .text._ZN6SERCOM14getSercomIndexEv
                0x000061e0       0x5c C:\Users\John\AppData\Local\Temp\VMBuilds\Sketch1\Seeeduino_rolawan\Debug/core.a(SERCOM.cpp.o)
                0x000061e0                SERCOM::getSercomIndex()
 .text._ZN6SERCOM13initClockNVICEv
                0x0000623c       0x90 C:\Users\John\AppData\Local\Temp\VMBuilds\Sketch1\Seeeduino_rolawan\Debug/core.a(SERCOM.cpp.o)
                0x0000623c                SERCOM::initClockNVIC()
 .text._ZN6SERCOM8initUARTE14SercomUartMode20SercomUartSampleRatem
                0x000062cc       0x6c C:\Users\John\AppData\Local\Temp\VMBuilds\Sketch1\Seeeduino_rolawan\Debug/core.a(SERCOM.cpp.o)
                0x000062cc                SERCOM::initUART(SercomUartMode, SercomUartSampleRate, unsigned long)
 .text._ZN4UartcvbEv
                0x00006338        0x4 C:\Users\John\AppData\Local\Temp\VMBuilds\Sketch1\Seeeduino_rolawan\Debug/core.a(Uart.cpp.o)
                0x00006338                Uart::operator bool()
 .text._ZN4Uart5beginEm
                0x0000633c       0x10 C:\Users\John\AppData\Local\Temp\VMBuilds\Sketch1\Seeeduino_rolawan\Debug/core.a(Uart.cpp.o)
                0x0000633c                Uart::begin(unsigned long)
 .text._ZN4Uart4peekEv
                0x0000634c       0x1a C:\Users\John\AppData\Local\Temp\VMBuilds\Sketch1\Seeeduino_rolawan\Debug/core.a(Uart.cpp.o)
                0x0000634c                Uart::peek()
 .text._ZN4Uart3endEv
                0x00006366       0x20 C:\Users\John\AppData\Local\Temp\VMBuilds\Sketch1\Seeeduino_rolawan\Debug/core.a(Uart.cpp.o)
                0x00006366                Uart::end()
 .text._ZN4Uart16extractNbStopBitEt
                0x00006386        0xc C:\Users\John\AppData\Local\Temp\VMBuilds\Sketch1\Seeeduino_rolawan\Debug/core.a(Uart.cpp.o)
                0x00006386                Uart::extractNbStopBit(unsigned short)
 .text._ZN4Uart15extractCharSizeEt
                0x00006392       0x28 C:\Users\John\AppData\Local\Temp\VMBuilds\Sketch1\Seeeduino_rolawan\Debug/core.a(Uart.cpp.o)
                0x00006392                Uart::extractCharSize(unsigned short)
 .text._ZN4Uart13extractParityEt
                0x000063ba       0x14 C:\Users\John\AppData\Local\Temp\VMBuilds\Sketch1\Seeeduino_rolawan\Debug/core.a(Uart.cpp.o)
                0x000063ba                Uart::extractParity(unsigned short)
 *fill*         0x000063ce        0x2 
 .text._ZN4Uart5beginEmt
                0x000063d0       0xf8 C:\Users\John\AppData\Local\Temp\VMBuilds\Sketch1\Seeeduino_rolawan\Debug/core.a(Uart.cpp.o)
                0x000063d0                Uart::begin(unsigned long, unsigned short)
 .text._ZN11RingBufferNILi256EEC2Ev
                0x000064c8       0x1c C:\Users\John\AppData\Local\Temp\VMBuilds\Sketch1\Seeeduino_rolawan\Debug/core.a(Uart.cpp.o)
                0x000064c8                RingBufferN<256>::RingBufferN()
                0x000064c8                RingBufferN<256>::RingBufferN()
 .text._ZN4UartC2EP6SERCOMhh11SercomRXPad15SercomUartTXPad
                0x000064e4       0x74 C:\Users\John\AppData\Local\Temp\VMBuilds\Sketch1\Seeeduino_rolawan\Debug/core.a(Uart.cpp.o)
                0x000064e4                Uart::Uart(SERCOM*, unsigned char, unsigned char, SercomRXPad, SercomUartTXPad)
                0x000064e4                Uart::Uart(SERCOM*, unsigned char, unsigned char, SercomRXPad, SercomUartTXPad)
 .text._ZN11RingBufferNILi256EE17availableForStoreEv
                0x00006558       0x20 C:\Users\John\AppData\Local\Temp\VMBuilds\Sketch1\Seeeduino_rolawan\Debug/core.a(Uart.cpp.o)
                0x00006558                RingBufferN<256>::availableForStore()
 .text._ZN4Uart17availableForWriteEv
                0x00006578        0xc C:\Users\John\AppData\Local\Temp\VMBuilds\Sketch1\Seeeduino_rolawan\Debug/core.a(Uart.cpp.o)
                0x00006578                Uart::availableForWrite()
 .text._ZN4Uart4readEv
                0x00006584       0x4c C:\Users\John\AppData\Local\Temp\VMBuilds\Sketch1\Seeeduino_rolawan\Debug/core.a(Uart.cpp.o)
                0x00006584                Uart::read()
 .text._ZN11RingBufferNILi256EE9availableEv
                0x000065d0       0x12 C:\Users\John\AppData\Local\Temp\VMBuilds\Sketch1\Seeeduino_rolawan\Debug/core.a(Uart.cpp.o)
                0x000065d0                RingBufferN<256>::available()
 .text._ZN4Uart5flushEv
                0x000065e2       0x1a C:\Users\John\AppData\Local\Temp\VMBuilds\Sketch1\Seeeduino_rolawan\Debug/core.a(Uart.cpp.o)
                0x000065e2                Uart::flush()
 .text._ZN4Uart9availableEv
                0x000065fc        0xa C:\Users\John\AppData\Local\Temp\VMBuilds\Sketch1\Seeeduino_rolawan\Debug/core.a(Uart.cpp.o)
                0x000065fc                Uart::available()
 .text._ZN4Uart10IrqHandlerEv
                0x00006606       0xcc C:\Users\John\AppData\Local\Temp\VMBuilds\Sketch1\Seeeduino_rolawan\Debug/core.a(Uart.cpp.o)
                0x00006606                Uart::IrqHandler()
 *fill*         0x000066d2        0x2 
 .text._ZN4Uart5writeEh
                0x000066d4       0xb4 C:\Users\John\AppData\Local\Temp\VMBuilds\Sketch1\Seeeduino_rolawan\Debug/core.a(Uart.cpp.o)
                0x000066d4                Uart::write(unsigned char)
 .text._Z3maplllll
                0x00006788       0x16 C:\Users\John\AppData\Local\Temp\VMBuilds\Sketch1\Seeeduino_rolawan\Debug/core.a(WMath.cpp.o)
                0x00006788                map(long, long, long, long, long)
 .text._ZN7Serial_17availableForWriteEv
                0x0000679e        0x4 C:\Users\John\AppData\Local\Temp\VMBuilds\Sketch1\Seeeduino_rolawan\Debug/core.a(CDC.cpp.o)
                0x0000679e                Serial_::availableForWrite()
 .text._ZN7Serial_5writeEh
                0x000067a2       0x14 C:\Users\John\AppData\Local\Temp\VMBuilds\Sketch1\Seeeduino_rolawan\Debug/core.a(CDC.cpp.o)
                0x000067a2                Serial_::write(unsigned char)
 *fill*         0x000067b6        0x2 
 .text._ZN7Serial_9availableEv
                0x000067b8       0x1c C:\Users\John\AppData\Local\Temp\VMBuilds\Sketch1\Seeeduino_rolawan\Debug/core.a(CDC.cpp.o)
                0x000067b8                Serial_::available()
 .text._ZN7Serial_5flushEv
                0x000067d4        0xc C:\Users\John\AppData\Local\Temp\VMBuilds\Sketch1\Seeeduino_rolawan\Debug/core.a(CDC.cpp.o)
                0x000067d4                Serial_::flush()
 .text._ZN7Serial_5clearEv
                0x000067e0        0xc C:\Users\John\AppData\Local\Temp\VMBuilds\Sketch1\Seeeduino_rolawan\Debug/core.a(CDC.cpp.o)
                0x000067e0                Serial_::clear()
 .text._ZN7Serial_4peekEv
                0x000067ec       0x1c C:\Users\John\AppData\Local\Temp\VMBuilds\Sketch1\Seeeduino_rolawan\Debug/core.a(CDC.cpp.o)
                0x000067ec                Serial_::peek()
 .text._ZN7Serial_4readEv
                0x00006808       0x24 C:\Users\John\AppData\Local\Temp\VMBuilds\Sketch1\Seeeduino_rolawan\Debug/core.a(CDC.cpp.o)
                0x00006808                Serial_::read()
 .text._ZN7Serial_5writeEPKhj
                0x0000682c       0x30 C:\Users\John\AppData\Local\Temp\VMBuilds\Sketch1\Seeeduino_rolawan\Debug/core.a(CDC.cpp.o)
                0x0000682c                Serial_::write(unsigned char const*, unsigned int)
 .text._Z16CDC_GetInterfacePh
                0x0000685c       0x1c C:\Users\John\AppData\Local\Temp\VMBuilds\Sketch1\Seeeduino_rolawan\Debug/core.a(CDC.cpp.o)
                0x0000685c                CDC_GetInterface(unsigned char*)
 .text._Z9CDC_SetupR8USBSetup
                0x00006878       0x7c C:\Users\John\AppData\Local\Temp\VMBuilds\Sketch1\Seeeduino_rolawan\Debug/core.a(CDC.cpp.o)
                0x00006878                CDC_Setup(USBSetup&)
 .text._ZN7Serial_5beginEm
                0x000068f4        0x6 C:\Users\John\AppData\Local\Temp\VMBuilds\Sketch1\Seeeduino_rolawan\Debug/core.a(CDC.cpp.o)
                0x000068f4                Serial_::begin(unsigned long)
 *fill*         0x000068fa        0x2 
 .text.startup._GLOBAL__sub_I__Z17_CDC_GetInterfacev
                0x000068fc       0x28 C:\Users\John\AppData\Local\Temp\VMBuilds\Sketch1\Seeeduino_rolawan\Debug/core.a(CDC.cpp.o)
 .text._ZN26DoubleBufferedEPOutHandlerD2Ev
                0x00006924        0x2 C:\Users\John\AppData\Local\Temp\VMBuilds\Sketch1\Seeeduino_rolawan\Debug/core.a(USBCore.cpp.o)
                0x00006924                DoubleBufferedEPOutHandler::~DoubleBufferedEPOutHandler()
                0x00006924                DoubleBufferedEPOutHandler::~DoubleBufferedEPOutHandler()
 .text._ZN26DoubleBufferedEPOutHandler4initEv
                0x00006926        0x2 C:\Users\John\AppData\Local\Temp\VMBuilds\Sketch1\Seeeduino_rolawan\Debug/core.a(USBCore.cpp.o)
                0x00006926                DoubleBufferedEPOutHandler::init()
 .text._ZL5utox8mPc
                0x00006928       0x24 C:\Users\John\AppData\Local\Temp\VMBuilds\Sketch1\Seeeduino_rolawan\Debug/core.a(USBCore.cpp.o)
 .text._ZN26DoubleBufferedEPOutHandlerD0Ev
                0x0000694c       0x10 C:\Users\John\AppData\Local\Temp\VMBuilds\Sketch1\Seeeduino_rolawan\Debug/core.a(USBCore.cpp.o)
                0x0000694c                DoubleBufferedEPOutHandler::~DoubleBufferedEPOutHandler()
 .text._ZN14USBDeviceClass6initEPEmm.part.8
                0x0000695c       0xe0 C:\Users\John\AppData\Local\Temp\VMBuilds\Sketch1\Seeeduino_rolawan\Debug/core.a(USBCore.cpp.o)
 .text._ZN7__GuardC2Ev
                0x00006a3c        0xe C:\Users\John\AppData\Local\Temp\VMBuilds\Sketch1\Seeeduino_rolawan\Debug/core.a(USBCore.cpp.o)
                0x00006a3c                __Guard::__Guard()
                0x00006a3c                __Guard::__Guard()
 .text._ZN7__GuardD2Ev
                0x00006a4a        0xe C:\Users\John\AppData\Local\Temp\VMBuilds\Sketch1\Seeeduino_rolawan\Debug/core.a(USBCore.cpp.o)
                0x00006a4a                __Guard::~__Guard()
                0x00006a4a                __Guard::~__Guard()
 .text._ZNK26DoubleBufferedEPOutHandler10_availableEv
                0x00006a58       0x6a C:\Users\John\AppData\Local\Temp\VMBuilds\Sketch1\Seeeduino_rolawan\Debug/core.a(USBCore.cpp.o)
                0x00006a58                DoubleBufferedEPOutHandler::_available() const
 *fill*         0x00006ac2        0x2 
 .text._ZN26DoubleBufferedEPOutHandler7releaseEv
                0x00006ac4       0x3c C:\Users\John\AppData\Local\Temp\VMBuilds\Sketch1\Seeeduino_rolawan\Debug/core.a(USBCore.cpp.o)
                0x00006ac4                DoubleBufferedEPOutHandler::release()
 .text._ZN26DoubleBufferedEPOutHandler14handleEndpointEv
                0x00006b00       0xdc C:\Users\John\AppData\Local\Temp\VMBuilds\Sketch1\Seeeduino_rolawan\Debug/core.a(USBCore.cpp.o)
                0x00006b00                DoubleBufferedEPOutHandler::handleEndpoint()
 .text._ZN26DoubleBufferedEPOutHandler5_recvEv
                0x00006bdc      0x184 C:\Users\John\AppData\Local\Temp\VMBuilds\Sketch1\Seeeduino_rolawan\Debug/core.a(USBCore.cpp.o)
                0x00006bdc                DoubleBufferedEPOutHandler::_recv()
 .text._ZN26DoubleBufferedEPOutHandler4peekEv
                0x00006d60       0x22 C:\Users\John\AppData\Local\Temp\VMBuilds\Sketch1\Seeeduino_rolawan\Debug/core.a(USBCore.cpp.o)
                0x00006d60                DoubleBufferedEPOutHandler::peek()
 .text._ZN26DoubleBufferedEPOutHandler9availableEv
                0x00006d82       0x18 C:\Users\John\AppData\Local\Temp\VMBuilds\Sketch1\Seeeduino_rolawan\Debug/core.a(USBCore.cpp.o)
                0x00006d82                DoubleBufferedEPOutHandler::available()
 .text._ZN26DoubleBufferedEPOutHandler4recvEPvm
                0x00006d9a       0x72 C:\Users\John\AppData\Local\Temp\VMBuilds\Sketch1\Seeeduino_rolawan\Debug/core.a(USBCore.cpp.o)
                0x00006d9a                DoubleBufferedEPOutHandler::recv(void*, unsigned long)
 .text._ZN14USBDeviceClass14SendInterfacesEPm
                0x00006e0c       0x2c C:\Users\John\AppData\Local\Temp\VMBuilds\Sketch1\Seeeduino_rolawan\Debug/core.a(USBCore.cpp.o)
                0x00006e0c                USBDeviceClass::SendInterfaces(unsigned long*)
 .text._ZN14USBDeviceClass14handleEndpointEh
                0x00006e38       0x48 C:\Users\John\AppData\Local\Temp\VMBuilds\Sketch1\Seeeduino_rolawan\Debug/core.a(USBCore.cpp.o)
                0x00006e38                USBDeviceClass::handleEndpoint(unsigned char)
 .text._ZN14USBDeviceClass4initEv
                0x00006e80      0x10c C:\Users\John\AppData\Local\Temp\VMBuilds\Sketch1\Seeeduino_rolawan\Debug/core.a(USBCore.cpp.o)
                0x00006e80                USBDeviceClass::init()
 .text._ZN14USBDeviceClass6attachEv
                0x00006f8c       0x34 C:\Users\John\AppData\Local\Temp\VMBuilds\Sketch1\Seeeduino_rolawan\Debug/core.a(USBCore.cpp.o)
                0x00006f8c                USBDeviceClass::attach()
 .text._ZN14USBDeviceClass10setAddressEm
                0x00006fc0       0x48 C:\Users\John\AppData\Local\Temp\VMBuilds\Sketch1\Seeeduino_rolawan\Debug/core.a(USBCore.cpp.o)
                0x00006fc0                USBDeviceClass::setAddress(unsigned long)
 .text._ZN14USBDeviceClass25handleClassInterfaceSetupER8USBSetup
                0x00007008       0x44 C:\Users\John\AppData\Local\Temp\VMBuilds\Sketch1\Seeeduino_rolawan\Debug/core.a(USBCore.cpp.o)
                0x00007008                USBDeviceClass::handleClassInterfaceSetup(USBSetup&)
 .text._ZN14USBDeviceClass6initEPEmm
                0x0000704c      0x12c C:\Users\John\AppData\Local\Temp\VMBuilds\Sketch1\Seeeduino_rolawan\Debug/core.a(USBCore.cpp.o)
                0x0000704c                USBDeviceClass::initEP(unsigned long, unsigned long)
 .text._ZN14USBDeviceClass13initEndpointsEv
                0x00007178       0x24 C:\Users\John\AppData\Local\Temp\VMBuilds\Sketch1\Seeeduino_rolawan\Debug/core.a(USBCore.cpp.o)
                0x00007178                USBDeviceClass::initEndpoints()
 .text._ZN14USBDeviceClass5clearEm
                0x0000719c       0x38 C:\Users\John\AppData\Local\Temp\VMBuilds\Sketch1\Seeeduino_rolawan\Debug/core.a(USBCore.cpp.o)
                0x0000719c                USBDeviceClass::clear(unsigned long)
 .text._ZN14USBDeviceClass9availableEm
                0x000071d4       0x2c C:\Users\John\AppData\Local\Temp\VMBuilds\Sketch1\Seeeduino_rolawan\Debug/core.a(USBCore.cpp.o)
                0x000071d4                USBDeviceClass::available(unsigned long)
 .text._ZN14USBDeviceClass5flushEm
                0x00007200       0x2c C:\Users\John\AppData\Local\Temp\VMBuilds\Sketch1\Seeeduino_rolawan\Debug/core.a(USBCore.cpp.o)
                0x00007200                USBDeviceClass::flush(unsigned long)
 .text._ZN14USBDeviceClass14armRecvCtrlOUTEm
                0x0000722c       0x5c C:\Users\John\AppData\Local\Temp\VMBuilds\Sketch1\Seeeduino_rolawan\Debug/core.a(USBCore.cpp.o)
                0x0000722c                USBDeviceClass::armRecvCtrlOUT(unsigned long)
 .text._ZN14USBDeviceClass11recvControlEPvm
                0x00007288       0x3c C:\Users\John\AppData\Local\Temp\VMBuilds\Sketch1\Seeeduino_rolawan\Debug/core.a(USBCore.cpp.o)
                0x00007288                USBDeviceClass::recvControl(void*, unsigned long)
 .text._ZN14USBDeviceClass7armRecvEm
                0x000072c4       0x38 C:\Users\John\AppData\Local\Temp\VMBuilds\Sketch1\Seeeduino_rolawan\Debug/core.a(USBCore.cpp.o)
                0x000072c4                USBDeviceClass::armRecv(unsigned long)
 .text._ZN14USBDeviceClass4recvEmPvm
                0x000072fc       0xd8 C:\Users\John\AppData\Local\Temp\VMBuilds\Sketch1\Seeeduino_rolawan\Debug/core.a(USBCore.cpp.o)
                0x000072fc                USBDeviceClass::recv(unsigned long, void*, unsigned long)
 .text._ZN14USBDeviceClass4recvEm
                0x000073d4       0x1c C:\Users\John\AppData\Local\Temp\VMBuilds\Sketch1\Seeeduino_rolawan\Debug/core.a(USBCore.cpp.o)
                0x000073d4                USBDeviceClass::recv(unsigned long)
 .text._ZN14USBDeviceClass4sendEmPKvm
                0x000073f0      0x110 C:\Users\John\AppData\Local\Temp\VMBuilds\Sketch1\Seeeduino_rolawan\Debug/core.a(USBCore.cpp.o)
                0x000073f0                USBDeviceClass::send(unsigned long, void const*, unsigned long)
 .text._ZN14USBDeviceClass7armSendEmPKvm
                0x00007500       0x48 C:\Users\John\AppData\Local\Temp\VMBuilds\Sketch1\Seeeduino_rolawan\Debug/core.a(USBCore.cpp.o)
                0x00007500                USBDeviceClass::armSend(unsigned long, void const*, unsigned long)
 .text._ZN14USBDeviceClass11sendControlEPKvm
                0x00007548       0x54 C:\Users\John\AppData\Local\Temp\VMBuilds\Sketch1\Seeeduino_rolawan\Debug/core.a(USBCore.cpp.o)
                0x00007548                USBDeviceClass::sendControl(void const*, unsigned long)
 .text._ZN14USBDeviceClass20sendStringDescriptorEPKhh
                0x0000759c       0x68 C:\Users\John\AppData\Local\Temp\VMBuilds\Sketch1\Seeeduino_rolawan\Debug/core.a(USBCore.cpp.o)
                0x0000759c                USBDeviceClass::sendStringDescriptor(unsigned char const*, unsigned char)
 .text._ZN14USBDeviceClass17sendConfigurationEm
                0x00007604       0x80 C:\Users\John\AppData\Local\Temp\VMBuilds\Sketch1\Seeeduino_rolawan\Debug/core.a(USBCore.cpp.o)
                0x00007604                USBDeviceClass::sendConfiguration(unsigned long)
 .text._ZN14USBDeviceClass14sendDescriptorER8USBSetup
                0x00007684       0xf0 C:\Users\John\AppData\Local\Temp\VMBuilds\Sketch1\Seeeduino_rolawan\Debug/core.a(USBCore.cpp.o)
                0x00007684                USBDeviceClass::sendDescriptor(USBSetup&)
 .text._ZN14USBDeviceClass19handleStandardSetupER8USBSetup
                0x00007774      0x104 C:\Users\John\AppData\Local\Temp\VMBuilds\Sketch1\Seeeduino_rolawan\Debug/core.a(USBCore.cpp.o)
                0x00007774                USBDeviceClass::handleStandardSetup(USBSetup&)
 .text._ZN14USBDeviceClass10ISRHandlerEv
                0x00007878      0x140 C:\Users\John\AppData\Local\Temp\VMBuilds\Sketch1\Seeeduino_rolawan\Debug/core.a(USBCore.cpp.o)
                0x00007878                USBDeviceClass::ISRHandler()
 .text.UDD_Handler
                0x000079b8       0x10 C:\Users\John\AppData\Local\Temp\VMBuilds\Sketch1\Seeeduino_rolawan\Debug/core.a(USBCore.cpp.o)
                0x000079b8                UDD_Handler
 .text.startup._GLOBAL__sub_I_usbd
                0x000079c8       0x10 C:\Users\John\AppData\Local\Temp\VMBuilds\Sketch1\Seeeduino_rolawan\Debug/core.a(USBCore.cpp.o)
 .text._Znwj    0x000079d8        0x8 C:\Users\John\AppData\Local\Temp\VMBuilds\Sketch1\Seeeduino_rolawan\Debug/core.a(new.cpp.o)
                0x000079d8                operator new(unsigned int)
 .text._ZdlPv   0x000079e0        0x8 C:\Users\John\AppData\Local\Temp\VMBuilds\Sketch1\Seeeduino_rolawan\Debug/core.a(new.cpp.o)
                0x000079e0                operator delete(void*)
 .text._sbrk    0x000079e8       0x3c C:\Users\John\AppData\Local\Temp\VMBuilds\Sketch1\Seeeduino_rolawan\Debug/core.a(new.cpp.o)
                0x000079e8                _sbrk
 .text._ZN13PluggableUSB_12getInterfaceEPh
                0x00007a24       0x28 C:\Users\John\AppData\Local\Temp\VMBuilds\Sketch1\Seeeduino_rolawan\Debug/core.a(PluggableUSB.cpp.o)
                0x00007a24                PluggableUSB_::getInterface(unsigned char*)
 .text._ZN13PluggableUSB_13getDescriptorER8USBSetup
                0x00007a4c       0x20 C:\Users\John\AppData\Local\Temp\VMBuilds\Sketch1\Seeeduino_rolawan\Debug/core.a(PluggableUSB.cpp.o)
                0x00007a4c                PluggableUSB_::getDescriptor(USBSetup&)
 .text._ZN13PluggableUSB_5setupER8USBSetup
                0x00007a6c       0x20 C:\Users\John\AppData\Local\Temp\VMBuilds\Sketch1\Seeeduino_rolawan\Debug/core.a(PluggableUSB.cpp.o)
                0x00007a6c                PluggableUSB_::setup(USBSetup&)
 .text._ZN13PluggableUSB_14handleEndpointEi
                0x00007a8c       0x20 C:\Users\John\AppData\Local\Temp\VMBuilds\Sketch1\Seeeduino_rolawan\Debug/core.a(PluggableUSB.cpp.o)
                0x00007a8c                PluggableUSB_::handleEndpoint(int)
 .text._Z12PluggableUSBv
                0x00007aac       0x24 C:\Users\John\AppData\Local\Temp\VMBuilds\Sketch1\Seeeduino_rolawan\Debug/core.a(PluggableUSB.cpp.o)
                0x00007aac                PluggableUSB()
 .text._ZN20USBDevice_SAMD21G18x5resetEv
                0x00007ad0       0x2e C:\Users\John\AppData\Local\Temp\VMBuilds\Sketch1\Seeeduino_rolawan\Debug/core.a(SAMD21_USBDevice.cpp.o)
                0x00007ad0                USBDevice_SAMD21G18x::reset()
 *fill*         0x00007afe        0x2 
 .text._ZN20USBDevice_SAMD21G18x9calibrateEv
                0x00007b00       0x60 C:\Users\John\AppData\Local\Temp\VMBuilds\Sketch1\Seeeduino_rolawan\Debug/core.a(SAMD21_USBDevice.cpp.o)
                0x00007b00                USBDevice_SAMD21G18x::calibrate()
 .text.__aeabi_atexit
                0x00007b60        0xe c:/users/john/appdata/local/arduino15/packages/seeeduino/tools/arm-none-eabi-gcc/7-2017q4/bin/../lib/gcc/arm-none-eabi/7.2.1/../../../../arm-none-eabi/lib/thumb/v6-m\libstdc++_nano.a(atexit_arm.o)
                0x00007b60                __aeabi_atexit
 .text._ZdlPvj  0x00007b6e        0x8 c:/users/john/appdata/local/arduino15/packages/seeeduino/tools/arm-none-eabi-gcc/7-2017q4/bin/../lib/gcc/arm-none-eabi/7.2.1/../../../../arm-none-eabi/lib/thumb/v6-m\libstdc++_nano.a(del_ops.o)
                0x00007b6e                operator delete(void*, unsigned int)
 *fill*         0x00007b76        0x2 
 .text.cos      0x00007b78       0x8c c:/users/john/appdata/local/arduino15/packages/seeeduino/tools/arm-none-eabi-gcc/7-2017q4/bin/../lib/gcc/arm-none-eabi/7.2.1/../../../../arm-none-eabi/lib/thumb/v6-m\libm.a(lib_a-s_cos.o)
                0x00007b78                cos
 .text.sqrt     0x00007c04       0xc0 c:/users/john/appdata/local/arduino15/packages/seeeduino/tools/arm-none-eabi-gcc/7-2017q4/bin/../lib/gcc/arm-none-eabi/7.2.1/../../../../arm-none-eabi/lib/thumb/v6-m\libm.a(lib_a-w_sqrt.o)
                0x00007c04                sqrt
 .text.log10f   0x00007cc4       0xf8 c:/users/john/appdata/local/arduino15/packages/seeeduino/tools/arm-none-eabi-gcc/7-2017q4/bin/../lib/gcc/arm-none-eabi/7.2.1/../../../../arm-none-eabi/lib/thumb/v6-m\libm.a(lib_a-wf_log10.o)
                0x00007cc4                log10f
 .text.__ieee754_rem_pio2
                0x00007dbc      0x420 c:/users/john/appdata/local/arduino15/packages/seeeduino/tools/arm-none-eabi-gcc/7-2017q4/bin/../lib/gcc/arm-none-eabi/7.2.1/../../../../arm-none-eabi/lib/thumb/v6-m\libm.a(lib_a-e_rem_pio2.o)
                0x00007dbc                __ieee754_rem_pio2
 .text.__ieee754_sqrt
                0x000081dc      0x1b0 c:/users/john/appdata/local/arduino15/packages/seeeduino/tools/arm-none-eabi-gcc/7-2017q4/bin/../lib/gcc/arm-none-eabi/7.2.1/../../../../arm-none-eabi/lib/thumb/v6-m\libm.a(lib_a-e_sqrt.o)
                0x000081dc                __ieee754_sqrt
 .text.__ieee754_log10f
                0x0000838c       0xb0 c:/users/john/appdata/local/arduino15/packages/seeeduino/tools/arm-none-eabi-gcc/7-2017q4/bin/../lib/gcc/arm-none-eabi/7.2.1/../../../../arm-none-eabi/lib/thumb/v6-m\libm.a(lib_a-ef_log10.o)
                0x0000838c                __ieee754_log10f
 .text.__kernel_cos
                0x0000843c      0x234 c:/users/john/appdata/local/arduino15/packages/seeeduino/tools/arm-none-eabi-gcc/7-2017q4/bin/../lib/gcc/arm-none-eabi/7.2.1/../../../../arm-none-eabi/lib/thumb/v6-m\libm.a(lib_a-k_cos.o)
                0x0000843c                __kernel_cos
 .text.__kernel_rem_pio2
                0x00008670      0x8c0 c:/users/john/appdata/local/arduino15/packages/seeeduino/tools/arm-none-eabi-gcc/7-2017q4/bin/../lib/gcc/arm-none-eabi/7.2.1/../../../../arm-none-eabi/lib/thumb/v6-m\libm.a(lib_a-k_rem_pio2.o)
                0x00008670                __kernel_rem_pio2
 .text.__kernel_sin
                0x00008f30      0x164 c:/users/john/appdata/local/arduino15/packages/seeeduino/tools/arm-none-eabi-gcc/7-2017q4/bin/../lib/gcc/arm-none-eabi/7.2.1/../../../../arm-none-eabi/lib/thumb/v6-m\libm.a(lib_a-k_sin.o)
                0x00008f30                __kernel_sin
 .text.fabs     0x00009094        0x8 c:/users/john/appdata/local/arduino15/packages/seeeduino/tools/arm-none-eabi-gcc/7-2017q4/bin/../lib/gcc/arm-none-eabi/7.2.1/../../../../arm-none-eabi/lib/thumb/v6-m\libm.a(lib_a-s_fabs.o)
                0x00009094                fabs
 .text.floor    0x0000909c      0x138 c:/users/john/appdata/local/arduino15/packages/seeeduino/tools/arm-none-eabi-gcc/7-2017q4/bin/../lib/gcc/arm-none-eabi/7.2.1/../../../../arm-none-eabi/lib/thumb/v6-m\libm.a(lib_a-s_floor.o)
                0x0000909c                floor
 .text.matherr  0x000091d4        0x4 c:/users/john/appdata/local/arduino15/packages/seeeduino/tools/arm-none-eabi-gcc/7-2017q4/bin/../lib/gcc/arm-none-eabi/7.2.1/../../../../arm-none-eabi/lib/thumb/v6-m\libm.a(lib_a-s_matherr.o)
                0x000091d4                matherr
 .text.nan      0x000091d8        0xc c:/users/john/appdata/local/arduino15/packages/seeeduino/tools/arm-none-eabi-gcc/7-2017q4/bin/../lib/gcc/arm-none-eabi/7.2.1/../../../../arm-none-eabi/lib/thumb/v6-m\libm.a(lib_a-s_nan.o)
                0x000091d8                nan
 .text.scalbn   0x000091e4       0xd0 c:/users/john/appdata/local/arduino15/packages/seeeduino/tools/arm-none-eabi-gcc/7-2017q4/bin/../lib/gcc/arm-none-eabi/7.2.1/../../../../arm-none-eabi/lib/thumb/v6-m\libm.a(lib_a-s_scalbn.o)
                0x000091e4                scalbn
 .text.logf     0x000092b4      0x144 c:/users/john/appdata/local/arduino15/packages/seeeduino/tools/arm-none-eabi-gcc/7-2017q4/bin/../lib/gcc/arm-none-eabi/7.2.1/../../../../arm-none-eabi/lib/thumb/v6-m\libm.a(lib_a-sf_log.o)
                0x000092b4                logf
 .text.with_errnof
                0x000093f8       0x10 c:/users/john/appdata/local/arduino15/packages/seeeduino/tools/arm-none-eabi-gcc/7-2017q4/bin/../lib/gcc/arm-none-eabi/7.2.1/../../../../arm-none-eabi/lib/thumb/v6-m\libm.a(lib_a-math_errf.o)
 .text.__math_divzerof
                0x00009408       0x20 c:/users/john/appdata/local/arduino15/packages/seeeduino/tools/arm-none-eabi-gcc/7-2017q4/bin/../lib/gcc/arm-none-eabi/7.2.1/../../../../arm-none-eabi/lib/thumb/v6-m\libm.a(lib_a-math_errf.o)
                0x00009408                __math_divzerof
 .text.__math_invalidf
                0x00009428       0x2c c:/users/john/appdata/local/arduino15/packages/seeeduino/tools/arm-none-eabi-gcc/7-2017q4/bin/../lib/gcc/arm-none-eabi/7.2.1/../../../../arm-none-eabi/lib/thumb/v6-m\libm.a(lib_a-math_errf.o)
                0x00009428                __math_invalidf
 .text.copysign
                0x00009454       0x10 c:/users/john/appdata/local/arduino15/packages/seeeduino/tools/arm-none-eabi-gcc/7-2017q4/bin/../lib/gcc/arm-none-eabi/7.2.1/../../../../arm-none-eabi/lib/thumb/v6-m\libm.a(lib_a-s_copysign.o)
                0x00009454                copysign
 .text          0x00009464       0x14 c:/users/john/appdata/local/arduino15/packages/seeeduino/tools/arm-none-eabi-gcc/7-2017q4/bin/../lib/gcc/arm-none-eabi/7.2.1/thumb/v6-m\libgcc.a(_thumb1_case_sqi.o)
                0x00009464                __gnu_thumb1_case_sqi
 .text          0x00009478       0x14 c:/users/john/appdata/local/arduino15/packages/seeeduino/tools/arm-none-eabi-gcc/7-2017q4/bin/../lib/gcc/arm-none-eabi/7.2.1/thumb/v6-m\libgcc.a(_thumb1_case_uqi.o)
                0x00009478                __gnu_thumb1_case_uqi
 .text          0x0000948c       0x14 c:/users/john/appdata/local/arduino15/packages/seeeduino/tools/arm-none-eabi-gcc/7-2017q4/bin/../lib/gcc/arm-none-eabi/7.2.1/thumb/v6-m\libgcc.a(_thumb1_case_uhi.o)
                0x0000948c                __gnu_thumb1_case_uhi
 .text          0x000094a0      0x114 c:/users/john/appdata/local/arduino15/packages/seeeduino/tools/arm-none-eabi-gcc/7-2017q4/bin/../lib/gcc/arm-none-eabi/7.2.1/thumb/v6-m\libgcc.a(_udivsi3.o)
                0x000094a0                __aeabi_uidiv
                0x000094a0                __udivsi3
                0x000095ac                __aeabi_uidivmod
 .text          0x000095b4      0x1d4 c:/users/john/appdata/local/arduino15/packages/seeeduino/tools/arm-none-eabi-gcc/7-2017q4/bin/../lib/gcc/arm-none-eabi/7.2.1/thumb/v6-m\libgcc.a(_divsi3.o)
                0x000095b4                __divsi3
                0x000095b4                __aeabi_idiv
                0x00009780                __aeabi_idivmod
 .text          0x00009788        0x4 c:/users/john/appdata/local/arduino15/packages/seeeduino/tools/arm-none-eabi-gcc/7-2017q4/bin/../lib/gcc/arm-none-eabi/7.2.1/thumb/v6-m\libgcc.a(_dvmd_tls.o)
                0x00009788                __aeabi_idiv0
                0x00009788                __aeabi_ldiv0
 .text          0x0000978c       0x7c c:/users/john/appdata/local/arduino15/packages/seeeduino/tools/arm-none-eabi-gcc/7-2017q4/bin/../lib/gcc/arm-none-eabi/7.2.1/thumb/v6-m\libgcc.a(_arm_cmpdf2.o)
                0x0000978c                __aeabi_cdrcmple
                0x0000979c                __aeabi_cdcmple
                0x0000979c                __aeabi_cdcmpeq
                0x000097ac                __aeabi_dcmpeq
                0x000097b8                __aeabi_dcmplt
                0x000097cc                __aeabi_dcmple
                0x000097e0                __aeabi_dcmpgt
                0x000097f4                __aeabi_dcmpge
 .text          0x00009808       0x74 c:/users/john/appdata/local/arduino15/packages/seeeduino/tools/arm-none-eabi-gcc/7-2017q4/bin/../lib/gcc/arm-none-eabi/7.2.1/thumb/v6-m\libgcc.a(_arm_cmpsf2.o)
                0x00009808                __aeabi_cfrcmple
                0x00009810                __aeabi_cfcmpeq
                0x00009810                __aeabi_cfcmple
                0x00009820                __aeabi_fcmpeq
                0x0000982c                __aeabi_fcmplt
                0x00009840                __aeabi_fcmple
                0x00009854                __aeabi_fcmpgt
                0x00009868                __aeabi_fcmpge
 .text          0x0000987c       0x3c c:/users/john/appdata/local/arduino15/packages/seeeduino/tools/arm-none-eabi-gcc/7-2017q4/bin/../lib/gcc/arm-none-eabi/7.2.1/thumb/v6-m\libgcc.a(_fixunsdfsi.o)
                0x0000987c                __aeabi_d2uiz
                0x0000987c                __fixunsdfsi
 .text          0x000098b8      0x334 c:/users/john/appdata/local/arduino15/packages/seeeduino/tools/arm-none-eabi-gcc/7-2017q4/bin/../lib/gcc/arm-none-eabi/7.2.1/thumb/v6-m\libgcc.a(addsf3.o)
                0x000098b8                __aeabi_fadd
 .text          0x00009bec      0x224 c:/users/john/appdata/local/arduino15/packages/seeeduino/tools/arm-none-eabi-gcc/7-2017q4/bin/../lib/gcc/arm-none-eabi/7.2.1/thumb/v6-m\libgcc.a(divsf3.o)
                0x00009bec                __aeabi_fdiv
 .text          0x00009e10       0x50 c:/users/john/appdata/local/arduino15/packages/seeeduino/tools/arm-none-eabi-gcc/7-2017q4/bin/../lib/gcc/arm-none-eabi/7.2.1/thumb/v6-m\libgcc.a(eqsf2.o)
                0x00009e10                __eqsf2
                0x00009e10                __nesf2
 .text          0x00009e60       0x9c c:/users/john/appdata/local/arduino15/packages/seeeduino/tools/arm-none-eabi-gcc/7-2017q4/bin/../lib/gcc/arm-none-eabi/7.2.1/thumb/v6-m\libgcc.a(gesf2.o)
                0x00009e60                __gesf2
                0x00009e60                __gtsf2
 .text          0x00009efc       0xa0 c:/users/john/appdata/local/arduino15/packages/seeeduino/tools/arm-none-eabi-gcc/7-2017q4/bin/../lib/gcc/arm-none-eabi/7.2.1/thumb/v6-m\libgcc.a(lesf2.o)
                0x00009efc                __ltsf2
                0x00009efc                __lesf2
 .text          0x00009f9c      0x264 c:/users/john/appdata/local/arduino15/packages/seeeduino/tools/arm-none-eabi-gcc/7-2017q4/bin/../lib/gcc/arm-none-eabi/7.2.1/thumb/v6-m\libgcc.a(mulsf3.o)
                0x00009f9c                __aeabi_fmul
 .text          0x0000a200      0x388 c:/users/john/appdata/local/arduino15/packages/seeeduino/tools/arm-none-eabi-gcc/7-2017q4/bin/../lib/gcc/arm-none-eabi/7.2.1/thumb/v6-m\libgcc.a(subsf3.o)
                0x0000a200                __aeabi_fsub
 .text          0x0000a588       0x2c c:/users/john/appdata/local/arduino15/packages/seeeduino/tools/arm-none-eabi-gcc/7-2017q4/bin/../lib/gcc/arm-none-eabi/7.2.1/thumb/v6-m\libgcc.a(unordsf2.o)
                0x0000a588                __aeabi_fcmpun
 .text          0x0000a5b4       0x40 c:/users/john/appdata/local/arduino15/packages/seeeduino/tools/arm-none-eabi-gcc/7-2017q4/bin/../lib/gcc/arm-none-eabi/7.2.1/thumb/v6-m\libgcc.a(fixsfsi.o)
                0x0000a5b4                __aeabi_f2iz
 .text          0x0000a5f4       0x94 c:/users/john/appdata/local/arduino15/packages/seeeduino/tools/arm-none-eabi-gcc/7-2017q4/bin/../lib/gcc/arm-none-eabi/7.2.1/thumb/v6-m\libgcc.a(floatsisf.o)
                0x0000a5f4                __aeabi_i2f
 .text          0x0000a688       0x80 c:/users/john/appdata/local/arduino15/packages/seeeduino/tools/arm-none-eabi-gcc/7-2017q4/bin/../lib/gcc/arm-none-eabi/7.2.1/thumb/v6-m\libgcc.a(floatunsisf.o)
                0x0000a688                __aeabi_ui2f
 .text          0x0000a708      0x638 c:/users/john/appdata/local/arduino15/packages/seeeduino/tools/arm-none-eabi-gcc/7-2017q4/bin/../lib/gcc/arm-none-eabi/7.2.1/thumb/v6-m\libgcc.a(adddf3.o)
                0x0000a708                __aeabi_dadd
 .text          0x0000ad40      0x604 c:/users/john/appdata/local/arduino15/packages/seeeduino/tools/arm-none-eabi-gcc/7-2017q4/bin/../lib/gcc/arm-none-eabi/7.2.1/thumb/v6-m\libgcc.a(divdf3.o)
                0x0000ad40                __aeabi_ddiv
 .text          0x0000b344       0x78 c:/users/john/appdata/local/arduino15/packages/seeeduino/tools/arm-none-eabi-gcc/7-2017q4/bin/../lib/gcc/arm-none-eabi/7.2.1/thumb/v6-m\libgcc.a(eqdf2.o)
                0x0000b344                __nedf2
                0x0000b344                __eqdf2
 .text          0x0000b3bc       0xc8 c:/users/john/appdata/local/arduino15/packages/seeeduino/tools/arm-none-eabi-gcc/7-2017q4/bin/../lib/gcc/arm-none-eabi/7.2.1/thumb/v6-m\libgcc.a(gedf2.o)
                0x0000b3bc                __gedf2
                0x0000b3bc                __gtdf2
 .text          0x0000b484       0xd0 c:/users/john/appdata/local/arduino15/packages/seeeduino/tools/arm-none-eabi-gcc/7-2017q4/bin/../lib/gcc/arm-none-eabi/7.2.1/thumb/v6-m\libgcc.a(ledf2.o)
                0x0000b484                __ledf2
                0x0000b484                __ltdf2
 .text          0x0000b554      0x4e4 c:/users/john/appdata/local/arduino15/packages/seeeduino/tools/arm-none-eabi-gcc/7-2017q4/bin/../lib/gcc/arm-none-eabi/7.2.1/thumb/v6-m\libgcc.a(muldf3.o)
                0x0000b554                __aeabi_dmul
 .text          0x0000ba38      0x690 c:/users/john/appdata/local/arduino15/packages/seeeduino/tools/arm-none-eabi-gcc/7-2017q4/bin/../lib/gcc/arm-none-eabi/7.2.1/thumb/v6-m\libgcc.a(subdf3.o)
                0x0000ba38                __aeabi_dsub
 .text          0x0000c0c8       0x38 c:/users/john/appdata/local/arduino15/packages/seeeduino/tools/arm-none-eabi-gcc/7-2017q4/bin/../lib/gcc/arm-none-eabi/7.2.1/thumb/v6-m\libgcc.a(unorddf2.o)
                0x0000c0c8                __aeabi_dcmpun
 .text          0x0000c100       0x6c c:/users/john/appdata/local/arduino15/packages/seeeduino/tools/arm-none-eabi-gcc/7-2017q4/bin/../lib/gcc/arm-none-eabi/7.2.1/thumb/v6-m\libgcc.a(fixdfsi.o)
                0x0000c100                __aeabi_d2iz
 .text          0x0000c16c       0x74 c:/users/john/appdata/local/arduino15/packages/seeeduino/tools/arm-none-eabi-gcc/7-2017q4/bin/../lib/gcc/arm-none-eabi/7.2.1/thumb/v6-m\libgcc.a(floatsidf.o)
                0x0000c16c                __aeabi_i2d
 .text          0x0000c1e0       0x64 c:/users/john/appdata/local/arduino15/packages/seeeduino/tools/arm-none-eabi-gcc/7-2017q4/bin/../lib/gcc/arm-none-eabi/7.2.1/thumb/v6-m\libgcc.a(floatunsidf.o)
                0x0000c1e0                __aeabi_ui2d
 .text          0x0000c244       0xa4 c:/users/john/appdata/local/arduino15/packages/seeeduino/tools/arm-none-eabi-gcc/7-2017q4/bin/../lib/gcc/arm-none-eabi/7.2.1/thumb/v6-m\libgcc.a(extendsfdf2.o)
                0x0000c244                __aeabi_f2d
 .text          0x0000c2e8      0x108 c:/users/john/appdata/local/arduino15/packages/seeeduino/tools/arm-none-eabi-gcc/7-2017q4/bin/../lib/gcc/arm-none-eabi/7.2.1/thumb/v6-m\libgcc.a(truncdfsf2.o)
                0x0000c2e8                __aeabi_d2f
 .text          0x0000c3f0       0x3c c:/users/john/appdata/local/arduino15/packages/seeeduino/tools/arm-none-eabi-gcc/7-2017q4/bin/../lib/gcc/arm-none-eabi/7.2.1/thumb/v6-m\libgcc.a(_clzsi2.o)
                0x0000c3f0                __clzsi2
 .text.atoi     0x0000c42c        0xc c:/users/john/appdata/local/arduino15/packages/seeeduino/tools/arm-none-eabi-gcc/7-2017q4/bin/../lib/gcc/arm-none-eabi/7.2.1/../../../../arm-none-eabi/lib/thumb/v6-m\libc_nano.a(lib_a-atoi.o)
                0x0000c42c                atoi
 .text.__cxa_atexit
                0x0000c438       0x1c c:/users/john/appdata/local/arduino15/packages/seeeduino/tools/arm-none-eabi-gcc/7-2017q4/bin/../lib/gcc/arm-none-eabi/7.2.1/../../../../arm-none-eabi/lib/thumb/v6-m\libc_nano.a(lib_a-cxa_atexit.o)
                0x0000c438                __cxa_atexit
 .text.__errno  0x0000c454        0xc c:/users/john/appdata/local/arduino15/packages/seeeduino/tools/arm-none-eabi-gcc/7-2017q4/bin/../lib/gcc/arm-none-eabi/7.2.1/../../../../arm-none-eabi/lib/thumb/v6-m\libc_nano.a(lib_a-errno.o)
                0x0000c454                __errno
 .text.__libc_init_array
                0x0000c460       0x48 c:/users/john/appdata/local/arduino15/packages/seeeduino/tools/arm-none-eabi-gcc/7-2017q4/bin/../lib/gcc/arm-none-eabi/7.2.1/../../../../arm-none-eabi/lib/thumb/v6-m\libc_nano.a(lib_a-init.o)
                0x0000c460                __libc_init_array
 .text.malloc   0x0000c4a8       0x14 c:/users/john/appdata/local/arduino15/packages/seeeduino/tools/arm-none-eabi-gcc/7-2017q4/bin/../lib/gcc/arm-none-eabi/7.2.1/../../../../arm-none-eabi/lib/thumb/v6-m\libc_nano.a(lib_a-malloc.o)
                0x0000c4a8                malloc
 .text.free     0x0000c4bc       0x14 c:/users/john/appdata/local/arduino15/packages/seeeduino/tools/arm-none-eabi-gcc/7-2017q4/bin/../lib/gcc/arm-none-eabi/7.2.1/../../../../arm-none-eabi/lib/thumb/v6-m\libc_nano.a(lib_a-malloc.o)
                0x0000c4bc                free
 .text.memcpy   0x0000c4d0       0x12 c:/users/john/appdata/local/arduino15/packages/seeeduino/tools/arm-none-eabi-gcc/7-2017q4/bin/../lib/gcc/arm-none-eabi/7.2.1/../../../../arm-none-eabi/lib/thumb/v6-m\libc_nano.a(lib_a-memcpy-stub.o)
                0x0000c4d0                memcpy
 .text.memset   0x0000c4e2       0x10 c:/users/john/appdata/local/arduino15/packages/seeeduino/tools/arm-none-eabi-gcc/7-2017q4/bin/../lib/gcc/arm-none-eabi/7.2.1/../../../../arm-none-eabi/lib/thumb/v6-m\libc_nano.a(lib_a-memset.o)
                0x0000c4e2                memset
 *fill*         0x0000c4f2        0x2 
 .text._free_r  0x0000c4f4       0x94 c:/users/john/appdata/local/arduino15/packages/seeeduino/tools/arm-none-eabi-gcc/7-2017q4/bin/../lib/gcc/arm-none-eabi/7.2.1/../../../../arm-none-eabi/lib/thumb/v6-m\libc_nano.a(lib_a-nano-freer.o)
                0x0000c4f4                _free_r
 .text._malloc_r
                0x0000c588       0xbc c:/users/john/appdata/local/arduino15/packages/seeeduino/tools/arm-none-eabi-gcc/7-2017q4/bin/../lib/gcc/arm-none-eabi/7.2.1/../../../../arm-none-eabi/lib/thumb/v6-m\libc_nano.a(lib_a-nano-mallocr.o)
                0x0000c588                _malloc_r
 .text.__cvt    0x0000c644       0xc8 c:/users/john/appdata/local/arduino15/packages/seeeduino/tools/arm-none-eabi-gcc/7-2017q4/bin/../lib/gcc/arm-none-eabi/7.2.1/../../../../arm-none-eabi/lib/thumb/v6-m\libc_nano.a(lib_a-nano-vfprintf_float.o)
                0x0000c644                __cvt
 .text.__exponent
                0x0000c70c       0x70 c:/users/john/appdata/local/arduino15/packages/seeeduino/tools/arm-none-eabi-gcc/7-2017q4/bin/../lib/gcc/arm-none-eabi/7.2.1/../../../../arm-none-eabi/lib/thumb/v6-m\libc_nano.a(lib_a-nano-vfprintf_float.o)
                0x0000c70c                __exponent
 .text._printf_float
                0x0000c77c      0x498 c:/users/john/appdata/local/arduino15/packages/seeeduino/tools/arm-none-eabi-gcc/7-2017q4/bin/../lib/gcc/arm-none-eabi/7.2.1/../../../../arm-none-eabi/lib/thumb/v6-m\libc_nano.a(lib_a-nano-vfprintf_float.o)
                0x0000c77c                _printf_float
 .text._printf_common
                0x0000cc14       0xda c:/users/john/appdata/local/arduino15/packages/seeeduino/tools/arm-none-eabi-gcc/7-2017q4/bin/../lib/gcc/arm-none-eabi/7.2.1/../../../../arm-none-eabi/lib/thumb/v6-m\libc_nano.a(lib_a-nano-vfprintf_i.o)
                0x0000cc14                _printf_common
 *fill*         0x0000ccee        0x2 
 .text._printf_i
                0x0000ccf0      0x210 c:/users/john/appdata/local/arduino15/packages/seeeduino/tools/arm-none-eabi-gcc/7-2017q4/bin/../lib/gcc/arm-none-eabi/7.2.1/../../../../arm-none-eabi/lib/thumb/v6-m\libc_nano.a(lib_a-nano-vfprintf_i.o)
                0x0000ccf0                _printf_i
 .text._scanf_float
                0x0000cf00      0x3fc c:/users/john/appdata/local/arduino15/packages/seeeduino/tools/arm-none-eabi-gcc/7-2017q4/bin/../lib/gcc/arm-none-eabi/7.2.1/../../../../arm-none-eabi/lib/thumb/v6-m\libc_nano.a(lib_a-nano-vfscanf_float.o)
                0x0000cf00                _scanf_float
 .text._sbrk_r  0x0000d2fc       0x24 c:/users/john/appdata/local/arduino15/packages/seeeduino/tools/arm-none-eabi-gcc/7-2017q4/bin/../lib/gcc/arm-none-eabi/7.2.1/../../../../arm-none-eabi/lib/thumb/v6-m\libc_nano.a(lib_a-sbrkr.o)
                0x0000d2fc                _sbrk_r
 .text.nanf     0x0000d320        0x8 c:/users/john/appdata/local/arduino15/packages/seeeduino/tools/arm-none-eabi-gcc/7-2017q4/bin/../lib/gcc/arm-none-eabi/7.2.1/../../../../arm-none-eabi/lib/thumb/v6-m\libc_nano.a(lib_a-sf_nan.o)
                0x0000d320                nanf
 .text.sprintf  0x0000d328       0x40 c:/users/john/appdata/local/arduino15/packages/seeeduino/tools/arm-none-eabi-gcc/7-2017q4/bin/../lib/gcc/arm-none-eabi/7.2.1/../../../../arm-none-eabi/lib/thumb/v6-m\libc_nano.a(lib_a-sprintf.o)
                0x0000d328                siprintf
                0x0000d328                sprintf
 .text          0x0000d368        0xe c:/users/john/appdata/local/arduino15/packages/seeeduino/tools/arm-none-eabi-gcc/7-2017q4/bin/../lib/gcc/arm-none-eabi/7.2.1/../../../../arm-none-eabi/lib/thumb/v6-m\libc_nano.a(lib_a-strlen.o)
                0x0000d368                strlen
 .text.strstr   0x0000d376       0x32 c:/users/john/appdata/local/arduino15/packages/seeeduino/tools/arm-none-eabi-gcc/7-2017q4/bin/../lib/gcc/arm-none-eabi/7.2.1/../../../../arm-none-eabi/lib/thumb/v6-m\libc_nano.a(lib_a-strstr.o)
                0x0000d376                strstr
 .text.unlikely.sulp
                0x0000d3a8       0x30 c:/users/john/appdata/local/arduino15/packages/seeeduino/tools/arm-none-eabi-gcc/7-2017q4/bin/../lib/gcc/arm-none-eabi/7.2.1/../../../../arm-none-eabi/lib/thumb/v6-m\libc_nano.a(lib_a-strtod.o)
 .text._strtod_l
                0x0000d3d8      0xc50 c:/users/john/appdata/local/arduino15/packages/seeeduino/tools/arm-none-eabi-gcc/7-2017q4/bin/../lib/gcc/arm-none-eabi/7.2.1/../../../../arm-none-eabi/lib/thumb/v6-m\libc_nano.a(lib_a-strtod.o)
                0x0000d3d8                _strtod_l
 .text._strtod_r
                0x0000e028       0x1c c:/users/john/appdata/local/arduino15/packages/seeeduino/tools/arm-none-eabi-gcc/7-2017q4/bin/../lib/gcc/arm-none-eabi/7.2.1/../../../../arm-none-eabi/lib/thumb/v6-m\libc_nano.a(lib_a-strtod.o)
                0x0000e028                _strtod_r
 .text._strtol_l.isra.0
                0x0000e044      0x104 c:/users/john/appdata/local/arduino15/packages/seeeduino/tools/arm-none-eabi-gcc/7-2017q4/bin/../lib/gcc/arm-none-eabi/7.2.1/../../../../arm-none-eabi/lib/thumb/v6-m\libc_nano.a(lib_a-strtol.o)
 .text._strtol_r
                0x0000e148       0x20 c:/users/john/appdata/local/arduino15/packages/seeeduino/tools/arm-none-eabi-gcc/7-2017q4/bin/../lib/gcc/arm-none-eabi/7.2.1/../../../../arm-none-eabi/lib/thumb/v6-m\libc_nano.a(lib_a-strtol.o)
                0x0000e148                _strtol_r
 .text.strtol   0x0000e168       0x28 c:/users/john/appdata/local/arduino15/packages/seeeduino/tools/arm-none-eabi-gcc/7-2017q4/bin/../lib/gcc/arm-none-eabi/7.2.1/../../../../arm-none-eabi/lib/thumb/v6-m\libc_nano.a(lib_a-strtol.o)
                0x0000e168                strtol
 .text.quorem   0x0000e190      0x10c c:/users/john/appdata/local/arduino15/packages/seeeduino/tools/arm-none-eabi-gcc/7-2017q4/bin/../lib/gcc/arm-none-eabi/7.2.1/../../../../arm-none-eabi/lib/thumb/v6-m\libc_nano.a(lib_a-dtoa.o)